Archive member included to satisfy reference by file (symbol)

/Applications/STM32CubeIDE.app/Contents/Eclipse/plugins/com.st.stm32cube.ide.mcu.externaltools.gnu-tools-for-stm32.12.3.rel1.macos64_1.1.0.202410301201/tools/bin/../lib/gcc/arm-none-eabi/12.3.1/../../../../arm-none-eabi/lib/thumb/v7e-m+fp/hard/libc_nano.a(libc_a-exit.o)
                              /Applications/STM32CubeIDE.app/Contents/Eclipse/plugins/com.st.stm32cube.ide.mcu.externaltools.gnu-tools-for-stm32.12.3.rel1.macos64_1.1.0.202410301201/tools/bin/../lib/gcc/arm-none-eabi/12.3.1/../../../../arm-none-eabi/lib/thumb/v7e-m+fp/hard/crt0.o (exit)
/Applications/STM32CubeIDE.app/Contents/Eclipse/plugins/com.st.stm32cube.ide.mcu.externaltools.gnu-tools-for-stm32.12.3.rel1.macos64_1.1.0.202410301201/tools/bin/../lib/gcc/arm-none-eabi/12.3.1/../../../../arm-none-eabi/lib/thumb/v7e-m+fp/hard/libc_nano.a(libc_a-sprintf.o)
                              ./Core/Src/esp8266.o (sprintf)
/Applications/STM32CubeIDE.app/Contents/Eclipse/plugins/com.st.stm32cube.ide.mcu.externaltools.gnu-tools-for-stm32.12.3.rel1.macos64_1.1.0.202410301201/tools/bin/../lib/gcc/arm-none-eabi/12.3.1/../../../../arm-none-eabi/lib/thumb/v7e-m+fp/hard/libc_nano.a(libc_a-findfp.o)
                              /Applications/STM32CubeIDE.app/Contents/Eclipse/plugins/com.st.stm32cube.ide.mcu.externaltools.gnu-tools-for-stm32.12.3.rel1.macos64_1.1.0.202410301201/tools/bin/../lib/gcc/arm-none-eabi/12.3.1/../../../../arm-none-eabi/lib/thumb/v7e-m+fp/hard/libc_nano.a(libc_a-exit.o) (__stdio_exit_handler)
/Applications/STM32CubeIDE.app/Contents/Eclipse/plugins/com.st.stm32cube.ide.mcu.externaltools.gnu-tools-for-stm32.12.3.rel1.macos64_1.1.0.202410301201/tools/bin/../lib/gcc/arm-none-eabi/12.3.1/../../../../arm-none-eabi/lib/thumb/v7e-m+fp/hard/libc_nano.a(libc_a-fwalk.o)
                              /Applications/STM32CubeIDE.app/Contents/Eclipse/plugins/com.st.stm32cube.ide.mcu.externaltools.gnu-tools-for-stm32.12.3.rel1.macos64_1.1.0.202410301201/tools/bin/../lib/gcc/arm-none-eabi/12.3.1/../../../../arm-none-eabi/lib/thumb/v7e-m+fp/hard/libc_nano.a(libc_a-findfp.o) (_fwalk_sglue)
/Applications/STM32CubeIDE.app/Contents/Eclipse/plugins/com.st.stm32cube.ide.mcu.externaltools.gnu-tools-for-stm32.12.3.rel1.macos64_1.1.0.202410301201/tools/bin/../lib/gcc/arm-none-eabi/12.3.1/../../../../arm-none-eabi/lib/thumb/v7e-m+fp/hard/libc_nano.a(libc_a-printf.o)
                              ./Core/Src/esp8266.o (printf)
/Applications/STM32CubeIDE.app/Contents/Eclipse/plugins/com.st.stm32cube.ide.mcu.externaltools.gnu-tools-for-stm32.12.3.rel1.macos64_1.1.0.202410301201/tools/bin/../lib/gcc/arm-none-eabi/12.3.1/../../../../arm-none-eabi/lib/thumb/v7e-m+fp/hard/libc_nano.a(libc_a-puts.o)
                              ./Core/Src/esp8266.o (puts)
/Applications/STM32CubeIDE.app/Contents/Eclipse/plugins/com.st.stm32cube.ide.mcu.externaltools.gnu-tools-for-stm32.12.3.rel1.macos64_1.1.0.202410301201/tools/bin/../lib/gcc/arm-none-eabi/12.3.1/../../../../arm-none-eabi/lib/thumb/v7e-m+fp/hard/libc_nano.a(libc_a-strstr.o)
                              ./Core/Src/esp8266.o (strstr)
/Applications/STM32CubeIDE.app/Contents/Eclipse/plugins/com.st.stm32cube.ide.mcu.externaltools.gnu-tools-for-stm32.12.3.rel1.macos64_1.1.0.202410301201/tools/bin/../lib/gcc/arm-none-eabi/12.3.1/../../../../arm-none-eabi/lib/thumb/v7e-m+fp/hard/libc_nano.a(libc_a-memset.o)
                              /Applications/STM32CubeIDE.app/Contents/Eclipse/plugins/com.st.stm32cube.ide.mcu.externaltools.gnu-tools-for-stm32.12.3.rel1.macos64_1.1.0.202410301201/tools/bin/../lib/gcc/arm-none-eabi/12.3.1/../../../../arm-none-eabi/lib/thumb/v7e-m+fp/hard/crt0.o (memset)
/Applications/STM32CubeIDE.app/Contents/Eclipse/plugins/com.st.stm32cube.ide.mcu.externaltools.gnu-tools-for-stm32.12.3.rel1.macos64_1.1.0.202410301201/tools/bin/../lib/gcc/arm-none-eabi/12.3.1/../../../../arm-none-eabi/lib/thumb/v7e-m+fp/hard/libc_nano.a(libc_a-impure.o)
                              /Applications/STM32CubeIDE.app/Contents/Eclipse/plugins/com.st.stm32cube.ide.mcu.externaltools.gnu-tools-for-stm32.12.3.rel1.macos64_1.1.0.202410301201/tools/bin/../lib/gcc/arm-none-eabi/12.3.1/../../../../arm-none-eabi/lib/thumb/v7e-m+fp/hard/libc_nano.a(libc_a-sprintf.o) (_impure_ptr)
/Applications/STM32CubeIDE.app/Contents/Eclipse/plugins/com.st.stm32cube.ide.mcu.externaltools.gnu-tools-for-stm32.12.3.rel1.macos64_1.1.0.202410301201/tools/bin/../lib/gcc/arm-none-eabi/12.3.1/../../../../arm-none-eabi/lib/thumb/v7e-m+fp/hard/libc_nano.a(libc_a-errno.o)
                              ./Core/Src/syscalls.o (__errno)
/Applications/STM32CubeIDE.app/Contents/Eclipse/plugins/com.st.stm32cube.ide.mcu.externaltools.gnu-tools-for-stm32.12.3.rel1.macos64_1.1.0.202410301201/tools/bin/../lib/gcc/arm-none-eabi/12.3.1/../../../../arm-none-eabi/lib/thumb/v7e-m+fp/hard/libc_nano.a(libc_a-init.o)
[...]
Memory Configuration

Name             Origin             Length             Attributes
RAM              0x20000000         0x00020000         xrw
FLASH            0x08000000         0x00080000         xr
*default*        0x00000000         0xffffffff

Linker script and memory map

LOAD /Applications/STM32CubeIDE.app/Contents/Eclipse/plugins/com.st.stm32cube.ide.mcu.externaltools.gnu-tools-for-stm32.12.3.rel1.macos64_1.1.0.202410301201/tools/bin/../lib/gcc/arm-none-eabi/12.3.1/thumb/v7e-m+fp/hard/crti.o
LOAD /Applications/STM32CubeIDE.app/Contents/Eclipse/plugins/com.st.stm32cube.ide.mcu.externaltools.gnu-tools-for-stm32.12.3.rel1.macos64_1.1.0.202410301201/tools/bin/../lib/gcc/arm-none-eabi/12.3.1/thumb/v7e-m+fp/hard/crtbegin.o
LOAD /Applications/STM32CubeIDE.app/Contents/Eclipse/plugins/com.st.stm32cube.ide.mcu.externaltools.gnu-tools-for-stm32.12.3.rel1.macos64_1.1.0.202410301201/tools/bin/../lib/gcc/arm-none-eabi/12.3.1/../../../../arm-none-eabi/lib/thumb/v7e-m+fp/hard/crt0.o
LOAD ./Core/Src/adc.o
LOAD ./Core/Src/esp8266.o
LOAD ./Core/Src/fonts.o
LOAD ./Core/Src/freertos.o
LOAD ./Core/Src/gpio.o
LOAD ./Core/Src/i2c.o
LOAD ./Core/Src/main.o
LOAD ./Core/Src/ssd1306.o
LOAD ./Core/Src/stm32f4xx_hal_msp.o
LOAD ./Core/Src/stm32f4xx_hal_timebase_tim.o
LOAD ./Core/Src/stm32f4xx_it.o
LOAD ./Core/Src/syscalls.o
LOAD ./Core/Src/sysmem.o
LOAD ./Core/Src/system_stm32f4xx.o
LOAD ./Core/Src/tim.o
LOAD ./Core/Src/usart.o
LOAD ./Core/Startup/startup_stm32f446retx.o
LOAD ./Drivers/STM32F4xx_HAL_Driver/Src/stm32f4xx_hal.o
LOAD ./Drivers/STM32F4xx_HAL_Driver/Src/stm32f4xx_hal_adc.o
LOAD ./Drivers/STM32F4xx_HAL_Driver/Src/stm32f4xx_hal_adc_ex.o
LOAD ./Drivers/STM32F4xx_HAL_Driver/Src/stm32f4xx_hal_cortex.o
LOAD ./Drivers/STM32F4xx_HAL_Driver/Src/stm32f4xx_hal_dma.o
LOAD ./Drivers/STM32F4xx_HAL_Driver/Src/stm32f4xx_hal_dma_ex.o
LOAD ./Drivers/STM32F4xx_HAL_Driver/Src/stm32f4xx_hal_exti.o
LOAD ./Drivers/STM32F4xx_HAL_Driver/Src/stm32f4xx_hal_flash.o
LOAD ./Drivers/STM32F4xx_HAL_Driver/Src/stm32f4xx_hal_flash_ex.o
LOAD ./Drivers/STM32F4xx_HAL_Driver/Src/stm32f4xx_hal_flash_ramfunc.o
LOAD ./Drivers/STM32F4xx_HAL_Driver/Src/stm32f4xx_hal_gpio.o
LOAD ./Drivers/STM32F4xx_HAL_Driver/Src/stm32f4xx_hal_i2c.o
LOAD ./Drivers/STM32F4xx_HAL_Driver/Src/stm32f4xx_hal_i2c_ex.o
LOAD ./Drivers/STM32F4xx_HAL_Driver/Src/stm32f4xx_hal_pwr.o
LOAD ./Drivers/STM32F4xx_HAL_Driver/Src/stm32f4xx_hal_pwr_ex.o
LOAD ./Drivers/STM32F4xx_HAL_Driver/Src/stm32f4xx_hal_rcc.o
LOAD ./Drivers/STM32F4xx_HAL_Driver/Src/stm32f4xx_hal_rcc_ex.o
LOAD ./Drivers/STM32F4xx_HAL_Driver/Src/stm32f4xx_hal_tim.o
LOAD ./Drivers/STM32F4xx_HAL_Driver/Src/stm32f4xx_hal_tim_ex.o
LOAD ./Drivers/STM32F4xx_HAL_Driver/Src/stm32f4xx_hal_uart.o
LOAD ./Drivers/STM32F4xx_HAL_Driver/Src/stm32f4xx_ll_adc.o
LOAD ./Middlewares/Third_Party/FreeRTOS/Source/CMSIS_RTOS_V2/cmsis_os2.o
LOAD ./Middlewares/Third_Party/FreeRTOS/Source/croutine.o
LOAD ./Middlewares/Third_Party/FreeRTOS/Source/event_groups.o
LOAD ./Middlewares/Third_Party/FreeRTOS/Source/list.o
LOAD ./Middlewares/Third_Party/FreeRTOS/Source/queue.o
LOAD ./Middlewares/Third_Party/FreeRTOS/Source/stream_buffer.o
LOAD ./Middlewares/Third_Party/FreeRTOS/Source/tasks.o
LOAD ./Middlewares/Third_Party/FreeRTOS/Source/timers.o
LOAD ./Middlewares/Third_Party/FreeRTOS/Source/portable/GCC/ARM_CM4F/port.o
LOAD ./Middlewares/Third_Party/FreeRTOS/Source/portable/MemMang/heap_4.o
START GROUP
LOAD /Applications/STM32CubeIDE.app/Contents/Eclipse/plugins/com.st.stm32cube.ide.mcu.externaltools.gnu-tools-for-stm32.12.3.rel1.macos64_1.1.0.202410301201/tools/bin/../lib/gcc/arm-none-eabi/12.3.1/../../../../arm-none-eabi/lib/thumb/v7e-m+fp/hard/libc_nano.a
LOAD /Applications/STM32CubeIDE.app/Contents/Eclipse/plugins/com.st.stm32cube.ide.mcu.externaltools.gnu-tools-for-stm32.12.3.rel1.macos64_1.1.0.202410301201/tools/bin/../lib/gcc/arm-none-eabi/12.3.1/../../../../arm-none-eabi/lib/thumb/v7e-m+fp/hard/libm.a
END GROUP
START GROUP
LOAD /Applications/STM32CubeIDE.app/Contents/Eclipse/plugins/com.st.stm32cube.ide.mcu.externaltools.gnu-tools-for-stm32.12.3.rel1.macos64_1.1.0.202410301201/tools/bin/../lib/gcc/arm-none-eabi/12.3.1/thumb/v7e-m+fp/hard/libgcc.a
LOAD /Applications/STM32CubeIDE.app/Contents/Eclipse/plugins/com.st.stm32cube.ide.mcu.externaltools.gnu-tools-for-stm32.12.3.rel1.macos64_1.1.0.202410301201/tools/bin/../lib/gcc/arm-none-eabi/12.3.1/../../../../arm-none-eabi/lib/thumb/v7e-m+fp/hard/libc_nano.a
END GROUP
START GROUP
LOAD /Applications/STM32CubeIDE.app/Contents/Eclipse/plugins/com.st.stm32cube.ide.mcu.externaltools.gnu-tools-for-stm32.12.3.rel1.macos64_1.1.0.202410301201/tools/bin/../lib/gcc/arm-none-eabi/12.3.1/thumb/v7e-m+fp/hard/libgcc.a
LOAD /Applications/STM32CubeIDE.app/Contents/Eclipse/plugins/com.st.stm32cube.ide.mcu.externaltools.gnu-tools-for-stm32.12.3.rel1.macos64_1.1.0.202410301201/tools/bin/../lib/gcc/arm-none-eabi/12.3.1/../../../../arm-none-eabi/lib/thumb/v7e-m+fp/hard/libc_nano.a
LOAD /Applications/STM32CubeIDE.app/Contents/Eclipse/plugins/com.st.stm32cube.ide.mcu.externaltools.gnu-tools-for-stm32.12.3.rel1.macos64_1.1.0.202410301201/tools/bin/../lib/gcc/arm-none-eabi/12.3.1/../../../../arm-none-eabi/lib/thumb/v7e-m+fp/hard/libnosys.a
END GROUP
START GROUP
LOAD /Applications/STM32CubeIDE.app/Contents/Eclipse/plugins/com.st.stm32cube.ide.mcu.externaltools.gnu-tools-for-stm32.12.3.rel1.macos64_1.1.0.202410301201/tools/bin/../lib/gcc/arm-none-eabi/12.3.1/thumb/v7e-m+fp/hard/libgcc.a
LOAD /Applications/STM32CubeIDE.app/Contents/Eclipse/plugins/com.st.stm32cube.ide.mcu.externaltools.gnu-tools-for-stm32.12.3.rel1.macos64_1.1.0.202410301201/tools/bin/../lib/gcc/arm-none-eabi/12.3.1/../../../../arm-none-eabi/lib/thumb/v7e-m+fp/hard/libc_nano.a
LOAD /Applications/STM32CubeIDE.app/Contents/Eclipse/plugins/com.st.stm32cube.ide.mcu.externaltools.gnu-tools-for-stm32.12.3.rel1.macos64_1.1.0.202410301201/tools/bin/../lib/gcc/arm-none-eabi/12.3.1/../../../../arm-none-eabi/lib/thumb/v7e-m+fp/hard/libnosys.a
END GROUP
LOAD /Applications/STM32CubeIDE.app/Contents/Eclipse/plugins/com.st.stm32cube.ide.mcu.externaltools.gnu-tools-for-stm32.12.3.rel1.macos64_1.1.0.202410301201/tools/bin/../lib/gcc/arm-none-eabi/12.3.1/thumb/v7e-m+fp/hard/crtend.o
LOAD /Applications/STM32CubeIDE.app/Contents/Eclipse/plugins/com.st.stm32cube.ide.mcu.externaltools.gnu-tools-for-stm32.12.3.rel1.macos64_1.1.0.202410301201/tools/bin/../lib/gcc/arm-none-eabi/12.3.1/thumb/v7e-m+fp/hard/crtn.o
                0x20020000                        _estack = (ORIGIN (RAM) + LENGTH (RAM))
                0x00000200                        _Min_Heap_Size = 0x200
                0x00000400                        _Min_Stack_Size = 0x400

.isr_vector     0x08000000      0x1c4
                0x08000000                        . = ALIGN (0x4)
 *(.isr_vector)
 .isr_vector    0x08000000      0x1c4 ./Core/Startup/startup_stm32f446retx.o
                0x08000000                g_pfnVectors
                0x080001c4                        . = ALIGN (0x4)

.text           0x080001d0     0xc1e0
                0x080001d0                        . = ALIGN (0x4)
 *(.text)
 .text          0x080001d0       0x40 /Applications/STM32CubeIDE.app/Contents/Eclipse/plugins/com.st.stm32cube.ide.mcu.externaltools.gnu-tools-for-stm32.12.3.rel1.macos64_1.1.0.202410301201/tools/bin/../lib/gcc/arm-none-eabi/12.3.1/thumb/v7e-m+fp/hard/crtbegin.o
 .text          0x08000210       0x10 /Applications/STM32CubeIDE.app/Contents/Eclipse/plugins/com.st.stm32cube.ide.mcu.externaltools.gnu-tools-for-stm32.12.3.rel1.macos64_1.1.0.202410301201/tools/bin/../lib/gcc/arm-none-eabi/12.3.1/../../../../arm-none-eabi/lib/thumb/v7e-m+fp/hard/libc_nano.a(libc_a-strlen.o)
                0x08000210                strlen
 .text          0x08000220       0xa0 /Applications/STM32CubeIDE.app/Contents/Eclipse/plugins/com.st.stm32cube.ide.mcu.externaltools.gnu-tools-for-stm32.12.3.rel1.macos64_1.1.0.202410301201/tools/bin/../lib/gcc/arm-none-eabi/12.3.1/../../../../arm-none-eabi/lib/thumb/v7e-m+fp/hard/libc_nano.a(libc_a-memchr.o)
                0x08000220                memchr
 .text          0x080002c0      0x378 /Applications/STM32CubeIDE.app/Contents/Eclipse/plugins/com.st.stm32cube.ide.mcu.externaltools.gnu-tools-for-stm32.12.3.rel1.macos64_1.1.0.202410301201/tools/bin/../lib/gcc/arm-none-eabi/12.3.1/thumb/v7e-m+fp/hard/libgcc.a(_arm_addsubdf3.o)
                0x080002c0                __aeabi_drsub
                0x080002c8                __subdf3
                0x080002c8                __aeabi_dsub
                0x080002cc                __aeabi_dadd
                0x080002cc                __adddf3
                0x08000544                __aeabi_ui2d
                0x08000544                __floatunsidf
                0x08000564                __floatsidf
                0x08000564                __aeabi_i2d
                0x08000588                __extendsfdf2
                0x08000588                __aeabi_f2d
                0x080005cc                __aeabi_ul2d
                0x080005cc                __floatundidf
                0x080005dc                __aeabi_l2d
                0x080005dc                __floatdidf
 .text          0x08000638      0x424 /Applications/STM32CubeIDE.app/Contents/Eclipse/plugins/com.st.stm32cube.ide.mcu.externaltools.gnu-tools-for-stm32.12.3.rel1.macos64_1.1.0.202410301201/tools/bin/../lib/gcc/arm-none-eabi/12.3.1/thumb/v7e-m+fp/hard/libgcc.a(_arm_muldivdf3.o)
                0x08000638                __aeabi_dmul
                0x08000638                __muldf3
                0x0800088c                __aeabi_ddiv
                0x0800088c                __divdf3
 .text          0x08000a5c       0x40 /Applications/STM32CubeIDE.app/Contents/Eclipse/plugins/com.st.stm32cube.ide.mcu.externaltools.gnu-tools-for-stm32.12.3.rel1.macos64_1.1.0.202410301201/tools/bin/../lib/gcc/arm-none-eabi/12.3.1/thumb/v7e-m+fp/hard/libgcc.a(_arm_fixunsdfsi.o)
                0x08000a5c                __fixunsdfsi
                0x08000a5c                __aeabi_d2uiz
 .text          0x08000a9c       0x30 /Applications/STM32CubeIDE.app/Contents/Eclipse/plugins/com.st.stm32cube.ide.mcu.externaltools.gnu-tools-for-stm32.12.3.rel1.macos64_1.1.0.202410301201/tools/bin/../lib/gcc/arm-none-eabi/12.3.1/thumb/v7e-m+fp/hard/libgcc.a(_aeabi_uldivmod.o)
                0x08000a9c                __aeabi_uldivmod
 .text          0x08000acc      0x2bc /Applications/STM32CubeIDE.app/Contents/Eclipse/plugins/com.st.stm32cube.ide.mcu.externaltools.gnu-tools-for-stm32.12.3.rel1.macos64_1.1.0.202410301201/tools/bin/../lib/gcc/arm-none-eabi/12.3.1/thumb/v7e-m+fp/hard/libgcc.a(_udivmoddi4.o)
                0x08000acc                __udivmoddi4
 .text          0x08000d88        0x4 /Applications/STM32CubeIDE.app/Contents/Eclipse/plugins/com.st.stm32cube.ide.mcu.externaltools.gnu-tools-for-stm32.12.3.rel1.macos64_1.1.0.202410301201/tools/bin/../lib/gcc/arm-none-eabi/12.3.1/thumb/v7e-m+fp/hard/libgcc.a(_dvmd_tls.o)
                0x08000d88                __aeabi_ldiv0
                0x08000d88                __aeabi_idiv0
 *(.text*)
 .text.MX_ADC1_Init
                0x08000d8c       0xa4 ./Core/Src/adc.o
                0x08000d8c                MX_ADC1_Init
 .text.HAL_ADC_MspInit
                0x08000e30       0x88 ./Core/Src/adc.o
                0x08000e30                HAL_ADC_MspInit
 .text.send_AT_command
                0x08000eb8       0x54 ./Core/Src/esp8266.o
                0x08000eb8                send_AT_command
 .text.waitFor  0x08000f0c       0xe8 ./Core/Src/esp8266.o
                0x08000f0c                waitFor
 .text.ESP_Server_Init
                0x08000ff4       0xc8 ./Core/Src/esp8266.o
                0x08000ff4                ESP_Server_Init
 .text.sendHTMLToLocalServer
                0x080010bc       0xf8 ./Core/Src/esp8266.o
                0x080010bc                sendHTMLToLocalServer
 .text.MX_FREERTOS_Init
                0x080011b4       0x24 ./Core/Src/freertos.o
                0x080011b4                MX_FREERTOS_Init
 .text.StartDefaultTask
                0x080011d8       0x10 ./Core/Src/freertos.o
                0x080011d8                StartDefaultTask
 .text.MX_GPIO_Init
                0x080011e8      0x148 ./Core/Src/gpio.o
                0x080011e8                MX_GPIO_Init
 .text.MX_I2C1_Init
                0x08001330       0x5c ./Core/Src/i2c.o
                0x08001330                MX_I2C1_Init
 .text.HAL_I2C_MspInit
                0x0800138c       0x90 ./Core/Src/i2c.o
                0x0800138c                HAL_I2C_MspInit
 .text.delay    0x0800141c       0x34 ./Core/Src/main.o
                0x0800141c                delay
 .text.main     0x08001450      0x1dc ./Core/Src/main.o
                0x08001450                main
 .text.SystemClock_Config
                0x0800162c       0xdc ./Core/Src/main.o
                0x0800162c                SystemClock_Config
 .text.HAL_TIM_PeriodElapsedCallback
                0x08001708       0x24 ./Core/Src/main.o
                0x08001708                HAL_TIM_PeriodElapsedCallback
 .text.StartTaskButton
                0x0800172c       0x54 ./Core/Src/main.o
                0x0800172c                StartTaskButton
 .text.StartTaskDistance
                0x08001780       0x70 ./Core/Src/main.o
                0x08001780                StartTaskDistance
 .text.StartTaskUpdateWeb
                0x080017f0      0x108 ./Core/Src/main.o
                0x080017f0                StartTaskUpdateWeb
 .text.StartTaskSystemButton
                0x080018f8       0x80 ./Core/Src/main.o
                0x080018f8                StartTaskSystemButton
 .text.StartTaskLDR
                0x08001978       0x9c ./Core/Src/main.o
                0x08001978                StartTaskLDR
 .text.StartTaskLaser
                0x08001a14       0x38 ./Core/Src/main.o
                0x08001a14                StartTaskLaser
 .text.StartTaskBuzzer
                0x08001a4c       0x40 ./Core/Src/main.o
                0x08001a4c                StartTaskBuzzer
 .text.StartTaskLed
                0x08001a8c       0x30 ./Core/Src/main.o
                0x08001a8c                StartTaskLed
 .text.StartTaskSystemLed
                0x08001abc       0x38 ./Core/Src/main.o
                0x08001abc                StartTaskSystemLed
 .text.StartTaskServo
                0x08001af4       0xa8 ./Core/Src/main.o
                0x08001af4                StartTaskServo
 *fill*         0x08001b9c        0x4 
 .text.HAL_TIM_IC_CaptureCallback
                0x08001ba0      0x11c ./Core/Src/main.o
                0x08001ba0                HAL_TIM_IC_CaptureCallback
 .text.HCSR04_Read
                0x08001cbc       0x40 ./Core/Src/main.o
                0x08001cbc                HCSR04_Read
 .text.Error_Handler
                0x08001cfc        0xc ./Core/Src/main.o
                0x08001cfc                Error_Handler
 .text._write   0x08001d08       0x2c ./Core/Src/main.o
                0x08001d08                _write
 .text.SSD1306_Init
                0x08001d34      0x188 ./Core/Src/ssd1306.o
                0x08001d34                SSD1306_Init
 .text.SSD1306_UpdateScreen
                0x08001ebc       0x5c ./Core/Src/ssd1306.o
                0x08001ebc                SSD1306_UpdateScreen
 .text.SSD1306_Fill
                0x08001f18       0x30 ./Core/Src/ssd1306.o
                0x08001f18                SSD1306_Fill
 .text.SSD1306_DrawPixel
                0x08001f48       0xc0 ./Core/Src/ssd1306.o
                0x08001f48                SSD1306_DrawPixel
 .text.SSD1306_GotoXY
                0x08002008       0x2c ./Core/Src/ssd1306.o
                0x08002008                SSD1306_GotoXY
 .text.SSD1306_Putc
                0x08002034       0xfc ./Core/Src/ssd1306.o
                0x08002034                SSD1306_Putc
 .text.SSD1306_Puts
                0x08002130       0x4a ./Core/Src/ssd1306.o
                0x08002130                SSD1306_Puts
 .text.SSD1306_Clear
                0x0800217a       0x12 ./Core/Src/ssd1306.o
                0x0800217a                SSD1306_Clear
 .text.ssd1306_I2C_Init
                0x0800218c       0x2c ./Core/Src/ssd1306.o
                0x0800218c                ssd1306_I2C_Init
 .text.ssd1306_I2C_WriteMulti
                0x080021b8       0xcc ./Core/Src/ssd1306.o
                0x080021b8                ssd1306_I2C_WriteMulti
 .text.ssd1306_I2C_Write
                0x08002284       0x3c ./Core/Src/ssd1306.o
                0x08002284                ssd1306_I2C_Write
 .text.HAL_MspInit
                0x080022c0       0x58 ./Core/Src/stm32f4xx_hal_msp.o
                0x080022c0                HAL_MspInit
 .text.HAL_InitTick
                0x08002318       0xf8 ./Core/Src/stm32f4xx_hal_timebase_tim.o
                0x08002318                HAL_InitTick
 .text.NMI_Handler
                0x08002410        0x8 ./Core/Src/stm32f4xx_it.o
                0x08002410                NMI_Handler
 .text.HardFault_Handler
                0x08002418        0x8 ./Core/Src/stm32f4xx_it.o
                0x08002418                HardFault_Handler
 .text.MemManage_Handler
                0x08002420        0x8 ./Core/Src/stm32f4xx_it.o
                0x08002420                MemManage_Handler
 .text.BusFault_Handler
                0x08002428        0x8 ./Core/Src/stm32f4xx_it.o
                0x08002428                BusFault_Handler
 .text.UsageFault_Handler
                0x08002430        0x8 ./Core/Src/stm32f4xx_it.o
                0x08002430                UsageFault_Handler
 .text.DebugMon_Handler
                0x08002438        0xe ./Core/Src/stm32f4xx_it.o
                0x08002438                DebugMon_Handler
 *fill*         0x08002446        0x2 
 .text.TIM3_IRQHandler
                0x08002448       0x14 ./Core/Src/stm32f4xx_it.o
                0x08002448                TIM3_IRQHandler
 .text.USART1_IRQHandler
                0x0800245c       0x14 ./Core/Src/stm32f4xx_it.o
                0x0800245c                USART1_IRQHandler
 .text.TIM6_DAC_IRQHandler
                0x08002470       0x14 ./Core/Src/stm32f4xx_it.o
                0x08002470                TIM6_DAC_IRQHandler
 .text._read    0x08002484       0x3a ./Core/Src/syscalls.o
                0x08002484                _read
 .text._close   0x080024be       0x18 ./Core/Src/syscalls.o
                0x080024be                _close
 .text._fstat   0x080024d6       0x20 ./Core/Src/syscalls.o
                0x080024d6                _fstat
 .text._isatty  0x080024f6       0x16 ./Core/Src/syscalls.o
                0x080024f6                _isatty
 .text._lseek   0x0800250c       0x1a ./Core/Src/syscalls.o
                0x0800250c                _lseek
 *fill*         0x08002526        0x2 
 .text._sbrk    0x08002528       0x6c ./Core/Src/sysmem.o
                0x08002528                _sbrk
 .text.SystemInit
                0x08002594       0x24 ./Core/Src/system_stm32f4xx.o
                0x08002594                SystemInit
 .text.MX_TIM1_Init
                0x080025b8      0x144 ./Core/Src/tim.o
                0x080025b8                MX_TIM1_Init
 .text.MX_TIM2_Init
                0x080026fc       0xec ./Core/Src/tim.o
                0x080026fc                MX_TIM2_Init
 .text.MX_TIM3_Init
                0x080027e8       0xa8 ./Core/Src/tim.o
                0x080027e8                MX_TIM3_Init
 .text.HAL_TIM_Base_MspInit
                0x08002890       0x6c ./Core/Src/tim.o
                0x08002890                HAL_TIM_Base_MspInit
 .text.HAL_TIM_IC_MspInit
                0x080028fc       0xa0 ./Core/Src/tim.o
                0x080028fc                HAL_TIM_IC_MspInit
 .text.HAL_TIM_MspPostInit
                0x0800299c       0xc0 ./Core/Src/tim.o
                0x0800299c                HAL_TIM_MspPostInit
 .text.MX_USART1_UART_Init
                0x08002a5c       0x54 ./Core/Src/usart.o
                0x08002a5c                MX_USART1_UART_Init
 .text.MX_USART2_UART_Init
                0x08002ab0       0x54 ./Core/Src/usart.o
                0x08002ab0                MX_USART2_UART_Init
 .text.HAL_UART_MspInit
                0x08002b04      0x108 ./Core/Src/usart.o
                0x08002b04                HAL_UART_MspInit
 .text.Reset_Handler
                0x08002c0c       0x50 ./Core/Startup/startup_stm32f446retx.o
                0x08002c0c                Reset_Handler
 .text.Default_Handler
                0x08002c5c        0x2 ./Core/Startup/startup_stm32f446retx.o
                0x08002c5c                DMA1_Stream3_IRQHandler
                0x08002c5c                EXTI2_IRQHandler
                0x08002c5c                TIM8_CC_IRQHandler
                0x08002c5c                FMPI2C1_EV_IRQHandler
                0x08002c5c                SPI4_IRQHandler
                0x08002c5c                TIM1_CC_IRQHandler
                0x08002c5c                DMA2_Stream5_IRQHandler
                0x08002c5c                DMA1_Stream5_IRQHandler
                0x08002c5c                PVD_IRQHandler
                0x08002c5c                SDIO_IRQHandler
                0x08002c5c                TAMP_STAMP_IRQHandler
                0x08002c5c                CAN2_RX1_IRQHandler
                0x08002c5c                EXTI3_IRQHandler
                0x08002c5c                TIM8_TRG_COM_TIM14_IRQHandler
                0x08002c5c                TIM1_UP_TIM10_IRQHandler
                0x08002c5c                TIM8_UP_TIM13_IRQHandler
                0x08002c5c                I2C3_ER_IRQHandler
                0x08002c5c                EXTI0_IRQHandler
                0x08002c5c                I2C2_EV_IRQHandler
                0x08002c5c                DMA1_Stream2_IRQHandler
                0x08002c5c                CAN1_RX0_IRQHandler
                0x08002c5c                FPU_IRQHandler
                0x08002c5c                OTG_HS_WKUP_IRQHandler
                0x08002c5c                CAN2_SCE_IRQHandler
                0x08002c5c                DMA2_Stream2_IRQHandler
                0x08002c5c                SPI1_IRQHandler
                0x08002c5c                TIM1_BRK_TIM9_IRQHandler
                0x08002c5c                DCMI_IRQHandler
                0x08002c5c                CAN2_RX0_IRQHandler
                0x08002c5c                DMA2_Stream3_IRQHandler
                0x08002c5c                SAI2_IRQHandler
                0x08002c5c                USART6_IRQHandler
                0x08002c5c                USART3_IRQHandler
                0x08002c5c                CAN1_RX1_IRQHandler
                0x08002c5c                UART5_IRQHandler
                0x08002c5c                DMA2_Stream0_IRQHandler
                0x08002c5c                TIM4_IRQHandler
                0x08002c5c                QUADSPI_IRQHandler
                0x08002c5c                I2C1_EV_IRQHandler
                0x08002c5c                DMA1_Stream6_IRQHandler
                0x08002c5c                DMA1_Stream1_IRQHandler
                0x08002c5c                UART4_IRQHandler
                0x08002c5c                RCC_IRQHandler
                0x08002c5c                TIM8_BRK_TIM12_IRQHandler
                0x08002c5c                Default_Handler
                0x08002c5c                CEC_IRQHandler
                0x08002c5c                EXTI15_10_IRQHandler
                0x08002c5c                ADC_IRQHandler
                0x08002c5c                DMA1_Stream7_IRQHandler
                0x08002c5c                TIM7_IRQHandler
                0x08002c5c                CAN2_TX_IRQHandler
                0x08002c5c                TIM5_IRQHandler
                0x08002c5c                DMA2_Stream7_IRQHandler
                0x08002c5c                I2C3_EV_IRQHandler
                0x08002c5c                EXTI9_5_IRQHandler
                0x08002c5c                RTC_WKUP_IRQHandler
                0x08002c5c                SPDIF_RX_IRQHandler
                0x08002c5c                SPI2_IRQHandler
                0x08002c5c                OTG_HS_EP1_IN_IRQHandler
                0x08002c5c                DMA1_Stream0_IRQHandler
                0x08002c5c                CAN1_TX_IRQHandler
                0x08002c5c                FMPI2C1_ER_IRQHandler
                0x08002c5c                EXTI4_IRQHandler
                0x08002c5c                OTG_HS_EP1_OUT_IRQHandler
                0x08002c5c                WWDG_IRQHandler
                0x08002c5c                TIM2_IRQHandler
                0x08002c5c                OTG_FS_WKUP_IRQHandler
                0x08002c5c                TIM1_TRG_COM_TIM11_IRQHandler
                0x08002c5c                OTG_HS_IRQHandler
                0x08002c5c                EXTI1_IRQHandler
                0x08002c5c                USART2_IRQHandler
                0x08002c5c                I2C2_ER_IRQHandler
                0x08002c5c                DMA2_Stream1_IRQHandler
                0x08002c5c                CAN1_SCE_IRQHandler
                0x08002c5c                FLASH_IRQHandler
                0x08002c5c                DMA2_Stream4_IRQHandler
                0x08002c5c                OTG_FS_IRQHandler
                0x08002c5c                SPI3_IRQHandler
                0x08002c5c                DMA1_Stream4_IRQHandler
                0x08002c5c                I2C1_ER_IRQHandler
                0x08002c5c                FMC_IRQHandler
                0x08002c5c                DMA2_Stream6_IRQHandler
                0x08002c5c                SAI1_IRQHandler
                0x08002c5c                RTC_Alarm_IRQHandler
 *fill*         0x08002c5e        0x2 
 .text.HAL_Init
                0x08002c60       0x44 ./Drivers/STM32F4xx_HAL_Driver/Src/stm32f4xx_hal.o
                0x08002c60                HAL_Init
 .text.HAL_IncTick
                0x08002ca4       0x28 ./Drivers/STM32F4xx_HAL_Driver/Src/stm32f4xx_hal.o
                0x08002ca4                HAL_IncTick
 .text.HAL_GetTick
                0x08002ccc       0x18 ./Drivers/STM32F4xx_HAL_Driver/Src/stm32f4xx_hal.o
                0x08002ccc                HAL_GetTick
 .text.HAL_Delay
                0x08002ce4       0x48 ./Drivers/STM32F4xx_HAL_Driver/Src/stm32f4xx_hal.o
                0x08002ce4                HAL_Delay
 .text.HAL_ADC_Init
                0x08002d2c       0x86 ./Drivers/STM32F4xx_HAL_Driver/Src/stm32f4xx_hal_adc.o
                0x08002d2c                HAL_ADC_Init
 *fill*         0x08002db2        0x2 
 .text.HAL_ADC_Start
                0x08002db4      0x1a4 ./Drivers/STM32F4xx_HAL_Driver/Src/stm32f4xx_hal_adc.o
                0x08002db4                HAL_ADC_Start
 .text.HAL_ADC_Stop
                0x08002f58       0x66 ./Drivers/STM32F4xx_HAL_Driver/Src/stm32f4xx_hal_adc.o
                0x08002f58                HAL_ADC_Stop
 .text.HAL_ADC_PollForConversion
                0x08002fbe      0x116 ./Drivers/STM32F4xx_HAL_Driver/Src/stm32f4xx_hal_adc.o
                0x08002fbe                HAL_ADC_PollForConversion
 .text.HAL_ADC_GetValue
                0x080030d4       0x1a ./Drivers/STM32F4xx_HAL_Driver/Src/stm32f4xx_hal_adc.o
                0x080030d4                HAL_ADC_GetValue
 *fill*         0x080030ee        0x2 
 .text.HAL_ADC_ConfigChannel
                0x080030f0      0x264 ./Drivers/STM32F4xx_HAL_Driver/Src/stm32f4xx_hal_adc.o
                0x080030f0                HAL_ADC_ConfigChannel
 .text.ADC_Init
                0x08003354      0x1f8 ./Drivers/STM32F4xx_HAL_Driver/Src/stm32f4xx_hal_adc.o
 .text.__NVIC_SetPriorityGrouping
                0x0800354c       0x48 ./Drivers/STM32F4xx_HAL_Driver/Src/stm32f4xx_hal_cortex.o
 .text.__NVIC_GetPriorityGrouping
                0x08003594       0x1c ./Drivers/STM32F4xx_HAL_Driver/Src/stm32f4xx_hal_cortex.o
 .text.__NVIC_EnableIRQ
                0x080035b0       0x3c ./Drivers/STM32F4xx_HAL_Driver/Src/stm32f4xx_hal_cortex.o
 .text.__NVIC_SetPriority
                0x080035ec       0x54 ./Drivers/STM32F4xx_HAL_Driver/Src/stm32f4xx_hal_cortex.o
 .text.NVIC_EncodePriority
                0x08003640       0x66 ./Drivers/STM32F4xx_HAL_Driver/Src/stm32f4xx_hal_cortex.o
 .text.HAL_NVIC_SetPriorityGrouping
                0x080036a6       0x16 ./Drivers/STM32F4xx_HAL_Driver/Src/stm32f4xx_hal_cortex.o
                0x080036a6                HAL_NVIC_SetPriorityGrouping
 .text.HAL_NVIC_SetPriority
                0x080036bc       0x38 ./Drivers/STM32F4xx_HAL_Driver/Src/stm32f4xx_hal_cortex.o
                0x080036bc                HAL_NVIC_SetPriority
 .text.HAL_NVIC_EnableIRQ
                0x080036f4       0x1c ./Drivers/STM32F4xx_HAL_Driver/Src/stm32f4xx_hal_cortex.o
                0x080036f4                HAL_NVIC_EnableIRQ
 .text.HAL_DMA_Abort
                0x08003710       0xe0 ./Drivers/STM32F4xx_HAL_Driver/Src/stm32f4xx_hal_dma.o
                0x08003710                HAL_DMA_Abort
 .text.HAL_DMA_Abort_IT
                0x080037f0       0x44 ./Drivers/STM32F4xx_HAL_Driver/Src/stm32f4xx_hal_dma.o
                0x080037f0                HAL_DMA_Abort_IT
 .text.HAL_GPIO_Init
                0x08003834      0x328 ./Drivers/STM32F4xx_HAL_Driver/Src/stm32f4xx_hal_gpio.o
                0x08003834                HAL_GPIO_Init
 .text.HAL_GPIO_ReadPin
                0x08003b5c       0x30 ./Drivers/STM32F4xx_HAL_Driver/Src/stm32f4xx_hal_gpio.o
                0x08003b5c                HAL_GPIO_ReadPin
 .text.HAL_GPIO_WritePin
                0x08003b8c       0x32 ./Drivers/STM32F4xx_HAL_Driver/Src/stm32f4xx_hal_gpio.o
                0x08003b8c                HAL_GPIO_WritePin
 *fill*         0x08003bbe        0x2 
 .text.HAL_I2C_Init
                0x08003bc0      0x288 ./Drivers/STM32F4xx_HAL_Driver/Src/stm32f4xx_hal_i2c.o
                0x08003bc0                HAL_I2C_Init
 .text.HAL_I2C_Master_Transmit
                0x08003e48      0x1fc ./Drivers/STM32F4xx_HAL_Driver/Src/stm32f4xx_hal_i2c.o
                0x08003e48                HAL_I2C_Master_Transmit
 .text.HAL_I2C_IsDeviceReady
                0x08004044      0x25c ./Drivers/STM32F4xx_HAL_Driver/Src/stm32f4xx_hal_i2c.o
                0x08004044                HAL_I2C_IsDeviceReady
 .text.I2C_MasterRequestWrite
                0x080042a0      0x104 ./Drivers/STM32F4xx_HAL_Driver/Src/stm32f4xx_hal_i2c.o
 .text.I2C_WaitOnFlagUntilTimeout
                0x080043a4       0xf4 ./Drivers/STM32F4xx_HAL_Driver/Src/stm32f4xx_hal_i2c.o
 .text.I2C_WaitOnMasterAddressFlagUntilTimeout
                0x08004498      0x140 ./Drivers/STM32F4xx_HAL_Driver/Src/stm32f4xx_hal_i2c.o
 .text.I2C_WaitOnTXEFlagUntilTimeout
                0x080045d8       0x90 ./Drivers/STM32F4xx_HAL_Driver/Src/stm32f4xx_hal_i2c.o
 .text.I2C_WaitOnBTFFlagUntilTimeout
                0x08004668       0x90 ./Drivers/STM32F4xx_HAL_Driver/Src/stm32f4xx_hal_i2c.o
 .text.I2C_IsAcknowledgeFailed
                0x080046f8       0x5e ./Drivers/STM32F4xx_HAL_Driver/Src/stm32f4xx_hal_i2c.o
 *fill*         0x08004756        0x2 
 .text.HAL_RCC_ClockConfig
                0x08004758      0x1cc ./Drivers/STM32F4xx_HAL_Driver/Src/stm32f4xx_hal_rcc.o
                0x08004758                HAL_RCC_ClockConfig
 .text.HAL_RCC_GetHCLKFreq
                0x08004924       0x18 ./Drivers/STM32F4xx_HAL_Driver/Src/stm32f4xx_hal_rcc.o
                0x08004924                HAL_RCC_GetHCLKFreq
 .text.HAL_RCC_GetPCLK1Freq
                0x0800493c       0x28 ./Drivers/STM32F4xx_HAL_Driver/Src/stm32f4xx_hal_rcc.o
                0x0800493c                HAL_RCC_GetPCLK1Freq
 .text.HAL_RCC_GetPCLK2Freq
                0x08004964       0x28 ./Drivers/STM32F4xx_HAL_Driver/Src/stm32f4xx_hal_rcc.o
                0x08004964                HAL_RCC_GetPCLK2Freq
 .text.HAL_RCC_GetClockConfig
                0x0800498c       0x64 ./Drivers/STM32F4xx_HAL_Driver/Src/stm32f4xx_hal_rcc.o
                0x0800498c                HAL_RCC_GetClockConfig
 .text.HAL_RCC_GetSysClockFreq
                0x080049f0      0x460 ./Drivers/STM32F4xx_HAL_Driver/Src/stm32f4xx_hal_rcc_ex.o
                0x080049f0                HAL_RCC_GetSysClockFreq
 .text.HAL_RCC_OscConfig
                0x08004e50      0x53c ./Drivers/STM32F4xx_HAL_Driver/Src/stm32f4xx_hal_rcc_ex.o
                0x08004e50                HAL_RCC_OscConfig
 .text.HAL_TIM_Base_Init
                0x0800538c       0x9e ./Drivers/STM32F4xx_HAL_Driver/Src/stm32f4xx_hal_tim.o
                0x0800538c                HAL_TIM_Base_Init
 *fill*         0x0800542a        0x2 
 .text.HAL_TIM_Base_Start_IT
                0x0800542c       0xe0 ./Drivers/STM32F4xx_HAL_Driver/Src/stm32f4xx_hal_tim.o
                0x0800542c                HAL_TIM_Base_Start_IT
 .text.HAL_TIM_PWM_Init
                0x0800550c       0x9e ./Drivers/STM32F4xx_HAL_Driver/Src/stm32f4xx_hal_tim.o
                0x0800550c                HAL_TIM_PWM_Init
 .text.HAL_TIM_PWM_MspInit
                0x080055aa       0x14 ./Drivers/STM32F4xx_HAL_Driver/Src/stm32f4xx_hal_tim.o
                0x080055aa                HAL_TIM_PWM_MspInit
 *fill*         0x080055be        0x2 
 .text.HAL_TIM_PWM_Start
                0x080055c0      0x190 ./Drivers/STM32F4xx_HAL_Driver/Src/stm32f4xx_hal_tim.o
                0x080055c0                HAL_TIM_PWM_Start
 .text.HAL_TIM_IC_Init
                0x08005750       0x9e ./Drivers/STM32F4xx_HAL_Driver/Src/stm32f4xx_hal_tim.o
                0x08005750                HAL_TIM_IC_Init
 *fill*         0x080057ee        0x2 
 .text.HAL_TIM_IC_Start_IT
                0x080057f0      0x250 ./Drivers/STM32F4xx_HAL_Driver/Src/stm32f4xx_hal_tim.o
                0x080057f0                HAL_TIM_IC_Start_IT
 .text.HAL_TIM_IRQHandler
                0x08005a40      0x1e0 ./Drivers/STM32F4xx_HAL_Driver/Src/stm32f4xx_hal_tim.o
                0x08005a40                HAL_TIM_IRQHandler
 .text.HAL_TIM_IC_ConfigChannel
                0x08005c20      0x138 ./Drivers/STM32F4xx_HAL_Driver/Src/stm32f4xx_hal_tim.o
                0x08005c20                HAL_TIM_IC_ConfigChannel
 .text.HAL_TIM_PWM_ConfigChannel
                0x08005d58      0x184 ./Drivers/STM32F4xx_HAL_Driver/Src/stm32f4xx_hal_tim.o
                0x08005d58                HAL_TIM_PWM_ConfigChannel
 .text.HAL_TIM_ConfigClockSource
                0x08005edc      0x18e ./Drivers/STM32F4xx_HAL_Driver/Src/stm32f4xx_hal_tim.o
                0x08005edc                HAL_TIM_ConfigClockSource
 *fill*         0x0800606a        0x2 
 .text.HAL_TIM_ReadCapturedValue
                0x0800606c       0x88 ./Drivers/STM32F4xx_HAL_Driver/Src/stm32f4xx_hal_tim.o
                0x0800606c                HAL_TIM_ReadCapturedValue
 .text.HAL_TIM_OC_DelayElapsedCallback
                0x080060f4       0x14 ./Drivers/STM32F4xx_HAL_Driver/Src/stm32f4xx_hal_tim.o
                0x080060f4                HAL_TIM_OC_DelayElapsedCallback
 .text.HAL_TIM_PWM_PulseFinishedCallback
                0x08006108       0x14 ./Drivers/STM32F4xx_HAL_Driver/Src/stm32f4xx_hal_tim.o
                0x08006108                HAL_TIM_PWM_PulseFinishedCallback
 .text.HAL_TIM_TriggerCallback
                0x0800611c       0x14 ./Drivers/STM32F4xx_HAL_Driver/Src/stm32f4xx_hal_tim.o
                0x0800611c                HAL_TIM_TriggerCallback
 .text.TIM_Base_SetConfig
                0x08006130      0x158 ./Drivers/STM32F4xx_HAL_Driver/Src/stm32f4xx_hal_tim.o
                0x08006130                TIM_Base_SetConfig
 .text.TIM_OC1_SetConfig
                0x08006288       0xe0 ./Drivers/STM32F4xx_HAL_Driver/Src/stm32f4xx_hal_tim.o
 .text.TIM_OC2_SetConfig
                0x08006368       0xec ./Drivers/STM32F4xx_HAL_Driver/Src/stm32f4xx_hal_tim.o
                0x08006368                TIM_OC2_SetConfig
 .text.TIM_OC3_SetConfig
                0x08006454       0xe8 ./Drivers/STM32F4xx_HAL_Driver/Src/stm32f4xx_hal_tim.o
 .text.TIM_OC4_SetConfig
                0x0800653c       0xac ./Drivers/STM32F4xx_HAL_Driver/Src/stm32f4xx_hal_tim.o
 .text.TIM_TI1_SetConfig
                0x080065e8       0xe8 ./Drivers/STM32F4xx_HAL_Driver/Src/stm32f4xx_hal_tim.o
                0x080065e8                TIM_TI1_SetConfig
 .text.TIM_TI1_ConfigInputStage
                0x080066d0       0x5e ./Drivers/STM32F4xx_HAL_Driver/Src/stm32f4xx_hal_tim.o
 .text.TIM_TI2_SetConfig
                0x0800672e       0x7a ./Drivers/STM32F4xx_HAL_Driver/Src/stm32f4xx_hal_tim.o
 .text.TIM_TI2_ConfigInputStage
                0x080067a8       0x60 ./Drivers/STM32F4xx_HAL_Driver/Src/stm32f4xx_hal_tim.o
 .text.TIM_TI3_SetConfig
                0x08006808       0x78 ./Drivers/STM32F4xx_HAL_Driver/Src/stm32f4xx_hal_tim.o
 .text.TIM_TI4_SetConfig
                0x08006880       0x7a ./Drivers/STM32F4xx_HAL_Driver/Src/stm32f4xx_hal_tim.o
 .text.TIM_ITRx_SetConfig
                0x080068fa       0x36 ./Drivers/STM32F4xx_HAL_Driver/Src/stm32f4xx_hal_tim.o
 .text.TIM_ETR_SetConfig
                0x08006930       0x40 ./Drivers/STM32F4xx_HAL_Driver/Src/stm32f4xx_hal_tim.o
                0x08006930                TIM_ETR_SetConfig
 .text.TIM_CCxChannelCmd
                0x08006970       0x4a ./Drivers/STM32F4xx_HAL_Driver/Src/stm32f4xx_hal_tim.o
                0x08006970                TIM_CCxChannelCmd
 *fill*         0x080069ba        0x2 
 .text.HAL_TIMEx_MasterConfigSynchronization
                0x080069bc       0xf8 ./Drivers/STM32F4xx_HAL_Driver/Src/stm32f4xx_hal_tim_ex.o
                0x080069bc                HAL_TIMEx_MasterConfigSynchronization
 .text.HAL_TIMEx_ConfigBreakDeadTime
                0x08006ab4       0xa4 ./Drivers/STM32F4xx_HAL_Driver/Src/stm32f4xx_hal_tim_ex.o
                0x08006ab4                HAL_TIMEx_ConfigBreakDeadTime
 .text.HAL_TIMEx_CommutCallback
                0x08006b58       0x14 ./Drivers/STM32F4xx_HAL_Driver/Src/stm32f4xx_hal_tim_ex.o
                0x08006b58                HAL_TIMEx_CommutCallback
 .text.HAL_TIMEx_BreakCallback
                0x08006b6c       0x14 ./Drivers/STM32F4xx_HAL_Driver/Src/stm32f4xx_hal_tim_ex.o
                0x08006b6c                HAL_TIMEx_BreakCallback
 .text.HAL_UART_Init
                0x08006b80       0xa0 ./Drivers/STM32F4xx_HAL_Driver/Src/stm32f4xx_hal_uart.o
                0x08006b80                HAL_UART_Init
 .text.HAL_UART_Transmit
                0x08006c20      0x116 ./Drivers/STM32F4xx_HAL_Driver/Src/stm32f4xx_hal_uart.o
                0x08006c20                HAL_UART_Transmit
 .text.HAL_UART_Receive
                0x08006d36      0x12e ./Drivers/STM32F4xx_HAL_Driver/Src/stm32f4xx_hal_uart.o
                0x08006d36                HAL_UART_Receive
 .text.HAL_UART_IRQHandler
                0x08006e64      0x524 ./Drivers/STM32F4xx_HAL_Driver/Src/stm32f4xx_hal_uart.o
                0x08006e64                HAL_UART_IRQHandler
 .text.HAL_UART_TxCpltCallback
                0x08007388       0x14 ./Drivers/STM32F4xx_HAL_Driver/Src/stm32f4xx_hal_uart.o
                0x08007388                HAL_UART_TxCpltCallback
 .text.HAL_UART_RxCpltCallback
                0x0800739c       0x14 ./Drivers/STM32F4xx_HAL_Driver/Src/stm32f4xx_hal_uart.o
                0x0800739c                HAL_UART_RxCpltCallback
 .text.HAL_UART_ErrorCallback
                0x080073b0       0x14 ./Drivers/STM32F4xx_HAL_Driver/Src/stm32f4xx_hal_uart.o
                0x080073b0                HAL_UART_ErrorCallback
 .text.HAL_UARTEx_RxEventCallback
                0x080073c4       0x18 ./Drivers/STM32F4xx_HAL_Driver/Src/stm32f4xx_hal_uart.o
                0x080073c4                HAL_UARTEx_RxEventCallback
 .text.UART_WaitOnFlagUntilTimeout
                0x080073dc       0xb2 ./Drivers/STM32F4xx_HAL_Driver/Src/stm32f4xx_hal_uart.o
 .text.UART_EndRxTransfer
                0x0800748e       0xc6 ./Drivers/STM32F4xx_HAL_Driver/Src/stm32f4xx_hal_uart.o
 .text.UART_DMAAbortOnError
                0x08007554       0x28 ./Drivers/STM32F4xx_HAL_Driver/Src/stm32f4xx_hal_uart.o
 .text.UART_Transmit_IT
                0x0800757c       0xa0 ./Drivers/STM32F4xx_HAL_Driver/Src/stm32f4xx_hal_uart.o
 .text.UART_EndTransmit_IT
                0x0800761c       0x30 ./Drivers/STM32F4xx_HAL_Driver/Src/stm32f4xx_hal_uart.o
 .text.UART_Receive_IT
                0x0800764c      0x17c ./Drivers/STM32F4xx_HAL_Driver/Src/stm32f4xx_hal_uart.o
 .text.UART_SetConfig
                0x080077c8      0x4e8 ./Drivers/STM32F4xx_HAL_Driver/Src/stm32f4xx_hal_uart.o
 .text.__NVIC_SetPriority
                0x08007cb0       0x54 ./Middlewares/Third_Party/FreeRTOS/Source/CMSIS_RTOS_V2/cmsis_os2.o
 .text.SysTick_Handler
                0x08007d04       0x20 ./Middlewares/Third_Party/FreeRTOS/Source/CMSIS_RTOS_V2/cmsis_os2.o
                0x08007d04                SysTick_Handler
 .text.SVC_Setup
                0x08007d24       0x12 ./Middlewares/Third_Party/FreeRTOS/Source/CMSIS_RTOS_V2/cmsis_os2.o
 *fill*         0x08007d36        0x2 
 .text.osKernelInitialize
                0x08007d38       0x48 ./Middlewares/Third_Party/FreeRTOS/Source/CMSIS_RTOS_V2/cmsis_os2.o
                0x08007d38                osKernelInitialize
 .text.osKernelStart
                0x08007d80       0x4c ./Middlewares/Third_Party/FreeRTOS/Source/CMSIS_RTOS_V2/cmsis_os2.o
                0x08007d80                osKernelStart
 .text.osThreadNew
                0x08007dcc      0x124 ./Middlewares/Third_Party/FreeRTOS/Source/CMSIS_RTOS_V2/cmsis_os2.o
                0x08007dcc                osThreadNew
 .text.osDelay  0x08007ef0       0x36 ./Middlewares/Third_Party/FreeRTOS/Source/CMSIS_RTOS_V2/cmsis_os2.o
                0x08007ef0                osDelay
 .text.osMutexNew
                0x08007f26      0x10c ./Middlewares/Third_Party/FreeRTOS/Source/CMSIS_RTOS_V2/cmsis_os2.o
                0x08007f26                osMutexNew
 .text.osMutexAcquire
                0x08008032       0x96 ./Middlewares/Third_Party/FreeRTOS/Source/CMSIS_RTOS_V2/cmsis_os2.o
                0x08008032                osMutexAcquire
 .text.osMutexRelease
                0x080080c8       0x7a ./Middlewares/Third_Party/FreeRTOS/Source/CMSIS_RTOS_V2/cmsis_os2.o
                0x080080c8                osMutexRelease
 *fill*         0x08008142        0x2 
 .text.vApplicationGetIdleTaskMemory
                0x08008144       0x34 ./Middlewares/Third_Party/FreeRTOS/Source/CMSIS_RTOS_V2/cmsis_os2.o
                0x08008144                vApplicationGetIdleTaskMemory
 .text.vApplicationGetTimerTaskMemory
                0x08008178       0x34 ./Middlewares/Third_Party/FreeRTOS/Source/CMSIS_RTOS_V2/cmsis_os2.o
                0x08008178                vApplicationGetTimerTaskMemory
 .text.vListInitialise
                0x080081ac       0x40 ./Middlewares/Third_Party/FreeRTOS/Source/list.o
                0x080081ac                vListInitialise
 .text.vListInitialiseItem
                0x080081ec       0x1a ./Middlewares/Third_Party/FreeRTOS/Source/list.o
                0x080081ec                vListInitialiseItem
 .text.vListInsertEnd
                0x08008206       0x48 ./Middlewares/Third_Party/FreeRTOS/Source/list.o
                0x08008206                vListInsertEnd
 .text.vListInsert
                0x0800824e       0x72 ./Middlewares/Third_Party/FreeRTOS/Source/list.o
                0x0800824e                vListInsert
 .text.uxListRemove
                0x080082c0       0x54 ./Middlewares/Third_Party/FreeRTOS/Source/list.o
                0x080082c0                uxListRemove
 .text.xQueueGenericReset
                0x08008314       0xd4 ./Middlewares/Third_Party/FreeRTOS/Source/queue.o
                0x08008314                xQueueGenericReset
 .text.xQueueGenericCreateStatic
                0x080083e8       0xfa ./Middlewares/Third_Party/FreeRTOS/Source/queue.o
                0x080083e8                xQueueGenericCreateStatic
 .text.xQueueGenericCreate
                0x080084e2       0x76 ./Middlewares/Third_Party/FreeRTOS/Source/queue.o
                0x080084e2                xQueueGenericCreate
 .text.prvInitialiseNewQueue
                0x08008558       0x46 ./Middlewares/Third_Party/FreeRTOS/Source/queue.o
 .text.prvInitialiseMutex
                0x0800859e       0x34 ./Middlewares/Third_Party/FreeRTOS/Source/queue.o
 .text.xQueueCreateMutex
                0x080085d2       0x30 ./Middlewares/Third_Party/FreeRTOS/Source/queue.o
                0x080085d2                xQueueCreateMutex
 .text.xQueueCreateMutexStatic
                0x08008602       0x36 ./Middlewares/Third_Party/FreeRTOS/Source/queue.o
                0x08008602                xQueueCreateMutexStatic
 .text.xQueueGiveMutexRecursive
                0x08008638       0x6a ./Middlewares/Third_Party/FreeRTOS/Source/queue.o
                0x08008638                xQueueGiveMutexRecursive
 .text.xQueueTakeMutexRecursive
                0x080086a2       0x6e ./Middlewares/Third_Party/FreeRTOS/Source/queue.o
                0x080086a2                xQueueTakeMutexRecursive
 .text.xQueueGenericSend
                0x08008710      0x204 ./Middlewares/Third_Party/FreeRTOS/Source/queue.o
                0x08008710                xQueueGenericSend
 .text.xQueueGenericSendFromISR
                0x08008914      0x13c ./Middlewares/Third_Party/FreeRTOS/Source/queue.o
                0x08008914                xQueueGenericSendFromISR
 .text.xQueueReceive
                0x08008a50      0x1c4 ./Middlewares/Third_Party/FreeRTOS/Source/queue.o
                0x08008a50                xQueueReceive
 .text.xQueueSemaphoreTake
                0x08008c14      0x220 ./Middlewares/Third_Party/FreeRTOS/Source/queue.o
                0x08008c14                xQueueSemaphoreTake
 .text.prvGetDisinheritPriorityAfterTimeout
                0x08008e34       0x30 ./Middlewares/Third_Party/FreeRTOS/Source/queue.o
 .text.prvCopyDataToQueue
                0x08008e64       0xd4 ./Middlewares/Third_Party/FreeRTOS/Source/queue.o
 .text.prvCopyDataFromQueue
                0x08008f38       0x4c ./Middlewares/Third_Party/FreeRTOS/Source/queue.o
 .text.prvUnlockQueue
                0x08008f84       0xa4 ./Middlewares/Third_Party/FreeRTOS/Source/queue.o
 .text.prvIsQueueEmpty
                0x08009028       0x2c ./Middlewares/Third_Party/FreeRTOS/Source/queue.o
 .text.prvIsQueueFull
                0x08009054       0x30 ./Middlewares/Third_Party/FreeRTOS/Source/queue.o
 .text.vQueueAddToRegistry
                0x08009084       0x54 ./Middlewares/Third_Party/FreeRTOS/Source/queue.o
                0x08009084                vQueueAddToRegistry
 .text.vQueueWaitForMessageRestricted
                0x080090d8       0x68 ./Middlewares/Third_Party/FreeRTOS/Source/queue.o
                0x080090d8                vQueueWaitForMessageRestricted
 .text.xTaskCreateStatic
                0x08009140       0xc0 ./Middlewares/Third_Party/FreeRTOS/Source/tasks.o
                0x08009140                xTaskCreateStatic
 .text.xTaskCreate
                0x08009200       0x8a ./Middlewares/Third_Party/FreeRTOS/Source/tasks.o
                0x08009200                xTaskCreate
 .text.prvInitialiseNewTask
                0x0800928a      0x120 ./Middlewares/Third_Party/FreeRTOS/Source/tasks.o
 *fill*         0x080093aa        0x2 
 .text.prvAddNewTaskToReadyList
                0x080093ac       0xe0 ./Middlewares/Third_Party/FreeRTOS/Source/tasks.o
 .text.vTaskDelay
                0x0800948c       0x6c ./Middlewares/Third_Party/FreeRTOS/Source/tasks.o
                0x0800948c                vTaskDelay
 .text.vTaskStartScheduler
                0x080094f8       0xd0 ./Middlewares/Third_Party/FreeRTOS/Source/tasks.o
                0x080094f8                vTaskStartScheduler
 .text.vTaskSuspendAll
                0x080095c8       0x1c ./Middlewares/Third_Party/FreeRTOS/Source/tasks.o
                0x080095c8                vTaskSuspendAll
 .text.xTaskResumeAll
                0x080095e4      0x13c ./Middlewares/Third_Party/FreeRTOS/Source/tasks.o
                0x080095e4                xTaskResumeAll
 .text.xTaskGetTickCount
                0x08009720       0x20 ./Middlewares/Third_Party/FreeRTOS/Source/tasks.o
                0x08009720                xTaskGetTickCount
 .text.xTaskIncrementTick
                0x08009740      0x174 ./Middlewares/Third_Party/FreeRTOS/Source/tasks.o
                0x08009740                xTaskIncrementTick
 .text.vTaskSwitchContext
                0x080098b4       0xbc ./Middlewares/Third_Party/FreeRTOS/Source/tasks.o
                0x080098b4                vTaskSwitchContext
 .text.vTaskPlaceOnEventList
                0x08009970       0x4c ./Middlewares/Third_Party/FreeRTOS/Source/tasks.o
                0x08009970                vTaskPlaceOnEventList
 .text.vTaskPlaceOnEventListRestricted
                0x080099bc       0x58 ./Middlewares/Third_Party/FreeRTOS/Source/tasks.o
                0x080099bc                vTaskPlaceOnEventListRestricted
 .text.xTaskRemoveFromEventList
                0x08009a14       0xc8 ./Middlewares/Third_Party/FreeRTOS/Source/tasks.o
                0x08009a14                xTaskRemoveFromEventList
 .text.vTaskInternalSetTimeOutState
                0x08009adc       0x2c ./Middlewares/Third_Party/FreeRTOS/Source/tasks.o
                0x08009adc                vTaskInternalSetTimeOutState
 .text.xTaskCheckForTimeOut
                0x08009b08       0xc8 ./Middlewares/Third_Party/FreeRTOS/Source/tasks.o
                0x08009b08                xTaskCheckForTimeOut
 .text.vTaskMissedYield
                0x08009bd0       0x18 ./Middlewares/Third_Party/FreeRTOS/Source/tasks.o
                0x08009bd0                vTaskMissedYield
 .text.prvIdleTask
                0x08009be8       0x30 ./Middlewares/Third_Party/FreeRTOS/Source/tasks.o
 .text.prvInitialiseTaskLists
                0x08009c18       0x80 ./Middlewares/Third_Party/FreeRTOS/Source/tasks.o
 .text.prvCheckTasksWaitingTermination
                0x08009c98       0x5c ./Middlewares/Third_Party/FreeRTOS/Source/tasks.o
 .text.prvDeleteTCB
                0x08009cf4       0x60 ./Middlewares/Third_Party/FreeRTOS/Source/tasks.o
 .text.prvResetNextTaskUnblockTime
                0x08009d54       0x40 ./Middlewares/Third_Party/FreeRTOS/Source/tasks.o
 .text.xTaskGetCurrentTaskHandle
                0x08009d94       0x20 ./Middlewares/Third_Party/FreeRTOS/Source/tasks.o
                0x08009d94                xTaskGetCurrentTaskHandle
 .text.xTaskGetSchedulerState
                0x08009db4       0x3c ./Middlewares/Third_Party/FreeRTOS/Source/tasks.o
                0x08009db4                xTaskGetSchedulerState
 .text.xTaskPriorityInherit
                0x08009df0       0xd0 ./Middlewares/Third_Party/FreeRTOS/Source/tasks.o
                0x08009df0                xTaskPriorityInherit
 .text.xTaskPriorityDisinherit
                0x08009ec0       0xe0 ./Middlewares/Third_Party/FreeRTOS/Source/tasks.o
                0x08009ec0                xTaskPriorityDisinherit
 .text.vTaskPriorityDisinheritAfterTimeout
                0x08009fa0      0x108 ./Middlewares/Third_Party/FreeRTOS/Source/tasks.o
                0x08009fa0                vTaskPriorityDisinheritAfterTimeout
 .text.pvTaskIncrementMutexHeldCount
                0x0800a0a8       0x28 ./Middlewares/Third_Party/FreeRTOS/Source/tasks.o
                0x0800a0a8                pvTaskIncrementMutexHeldCount
 .text.prvAddCurrentTaskToDelayedList
                0x0800a0d0       0xa8 ./Middlewares/Third_Party/FreeRTOS/Source/tasks.o
 .text.xTimerCreateTimerTask
                0x0800a178       0x94 ./Middlewares/Third_Party/FreeRTOS/Source/timers.o
                0x0800a178                xTimerCreateTimerTask
 .text.xTimerGenericCommand
                0x0800a20c       0x9c ./Middlewares/Third_Party/FreeRTOS/Source/timers.o
                0x0800a20c                xTimerGenericCommand
 .text.prvProcessExpiredTimer
                0x0800a2a8       0x9c ./Middlewares/Third_Party/FreeRTOS/Source/timers.o
 .text.prvTimerTask
                0x0800a344       0x26 ./Middlewares/Third_Party/FreeRTOS/Source/timers.o
 *fill*         0x0800a36a        0x2 
 .text.prvProcessTimerOrBlockTask
                0x0800a36c       0x9c ./Middlewares/Third_Party/FreeRTOS/Source/timers.o
 .text.prvGetNextExpireTime
                0x0800a408       0x48 ./Middlewares/Third_Party/FreeRTOS/Source/timers.o
 .text.prvSampleTimeNow
                0x0800a450       0x40 ./Middlewares/Third_Party/FreeRTOS/Source/timers.o
 .text.prvInsertTimerInActiveList
                0x0800a490       0x84 ./Middlewares/Third_Party/FreeRTOS/Source/timers.o
 .text.prvProcessReceivedCommands
                0x0800a514      0x1cc ./Middlewares/Third_Party/FreeRTOS/Source/timers.o
 .text.prvSwitchTimerLists
                0x0800a6e0       0xcc ./Middlewares/Third_Party/FreeRTOS/Source/timers.o
 .text.prvCheckForValidListAndQueue
                0x0800a7ac       0x80 ./Middlewares/Third_Party/FreeRTOS/Source/timers.o
 .text.pxPortInitialiseStack
                0x0800a82c       0x68 ./Middlewares/Third_Party/FreeRTOS/Source/portable/GCC/ARM_CM4F/port.o
                0x0800a82c                pxPortInitialiseStack
 .text.prvTaskExitError
                0x0800a894       0x5c ./Middlewares/Third_Party/FreeRTOS/Source/portable/GCC/ARM_CM4F/port.o
 .text.SVC_Handler
                0x0800a8f0       0x28 ./Middlewares/Third_Party/FreeRTOS/Source/portable/GCC/ARM_CM4F/port.o
                0x0800a8f0                SVC_Handler
 .text.prvPortStartFirstTask
                0x0800a918       0x28 ./Middlewares/Third_Party/FreeRTOS/Source/portable/GCC/ARM_CM4F/port.o
 .text.xPortStartScheduler
                0x0800a940      0x148 ./Middlewares/Third_Party/FreeRTOS/Source/portable/GCC/ARM_CM4F/port.o
                0x0800a940                xPortStartScheduler
 .text.vPortEnterCritical
                0x0800aa88       0x64 ./Middlewares/Third_Party/FreeRTOS/Source/portable/GCC/ARM_CM4F/port.o
                0x0800aa88                vPortEnterCritical
 .text.vPortExitCritical
                0x0800aaec       0x54 ./Middlewares/Third_Party/FreeRTOS/Source/portable/GCC/ARM_CM4F/port.o
                0x0800aaec                vPortExitCritical
 .text.PendSV_Handler
                0x0800ab40       0x68 ./Middlewares/Third_Party/FreeRTOS/Source/portable/GCC/ARM_CM4F/port.o
                0x0800ab40                PendSV_Handler
 .text.xPortSysTickHandler
                0x0800aba8       0x44 ./Middlewares/Third_Party/FreeRTOS/Source/portable/GCC/ARM_CM4F/port.o
                0x0800aba8                xPortSysTickHandler
 .text.vPortSetupTimerInterrupt
                0x0800abec       0x48 ./Middlewares/Third_Party/FreeRTOS/Source/portable/GCC/ARM_CM4F/port.o
                0x0800abec                vPortSetupTimerInterrupt
 .text.vPortEnableVFP
                0x0800ac34       0x14 ./Middlewares/Third_Party/FreeRTOS/Source/portable/GCC/ARM_CM4F/port.o
 .text.vPortValidateInterruptPriority
                0x0800ac48       0x84 ./Middlewares/Third_Party/FreeRTOS/Source/portable/GCC/ARM_CM4F/port.o
                0x0800ac48                vPortValidateInterruptPriority
 .text.pvPortMalloc
                0x0800accc      0x19c ./Middlewares/Third_Party/FreeRTOS/Source/portable/MemMang/heap_4.o
                0x0800accc                pvPortMalloc
 .text.vPortFree
                0x0800ae68       0xc8 ./Middlewares/Third_Party/FreeRTOS/Source/portable/MemMang/heap_4.o
                0x0800ae68                vPortFree
 .text.prvHeapInit
                0x0800af30       0xc4 ./Middlewares/Third_Party/FreeRTOS/Source/portable/MemMang/heap_4.o
 .text.prvInsertBlockIntoFreeList
                0x0800aff4       0xb4 ./Middlewares/Third_Party/FreeRTOS/Source/portable/MemMang/heap_4.o
 .text.sprintf  0x0800b0a8       0x40 /Applications/STM32CubeIDE.app/Contents/Eclipse/plugins/com.st.stm32cube.ide.mcu.externaltools.gnu-tools-for-stm32.12.3.rel1.macos64_1.1.0.202410301201/tools/bin/../lib/gcc/arm-none-eabi/12.3.1/../../../../arm-none-eabi/lib/thumb/v7e-m+fp/hard/libc_nano.a(libc_a-sprintf.o)
                0x0800b0a8                sprintf
                0x0800b0a8                siprintf
 .text.std      0x0800b0e8       0x6c /Applications/STM32CubeIDE.app/Contents/Eclipse/plugins/com.st.stm32cube.ide.mcu.externaltools.gnu-tools-for-stm32.12.3.rel1.macos64_1.1.0.202410301201/tools/bin/../lib/gcc/arm-none-eabi/12.3.1/../../../../arm-none-eabi/lib/thumb/v7e-m+fp/hard/libc_nano.a(libc_a-findfp.o)
 .text.stdio_exit_handler
                0x0800b154       0x18 /Applications/STM32CubeIDE.app/Contents/Eclipse/plugins/com.st.stm32cube.ide.mcu.externaltools.gnu-tools-for-stm32.12.3.rel1.macos64_1.1.0.202410301201/tools/bin/../lib/gcc/arm-none-eabi/12.3.1/../../../../arm-none-eabi/lib/thumb/v7e-m+fp/hard/libc_nano.a(libc_a-findfp.o)
 .text.cleanup_stdio
                0x0800b16c       0x40 /Applications/STM32CubeIDE.app/Contents/Eclipse/plugins/com.st.stm32cube.ide.mcu.externaltools.gnu-tools-for-stm32.12.3.rel1.macos64_1.1.0.202410301201/tools/bin/../lib/gcc/arm-none-eabi/12.3.1/../../../../arm-none-eabi/lib/thumb/v7e-m+fp/hard/libc_nano.a(libc_a-findfp.o)
 .text.global_stdio_init.part.0
                0x0800b1ac       0x3c /Applications/STM32CubeIDE.app/Contents/Eclipse/plugins/com.st.stm32cube.ide.mcu.externaltools.gnu-tools-for-stm32.12.3.rel1.macos64_1.1.0.202410301201/tools/bin/../lib/gcc/arm-none-eabi/12.3.1/../../../../arm-none-eabi/lib/thumb/v7e-m+fp/hard/libc_nano.a(libc_a-findfp.o)
 .text.__sfp_lock_acquire
                0x0800b1e8        0xc /Applications/STM32CubeIDE.app/Contents/Eclipse/plugins/com.st.stm32cube.ide.mcu.externaltools.gnu-tools-for-stm32.12.3.rel1.macos64_1.1.0.202410301201/tools/bin/../lib/gcc/arm-none-eabi/12.3.1/../../../../arm-none-eabi/lib/thumb/v7e-m+fp/hard/libc_nano.a(libc_a-findfp.o)
                0x0800b1e8                __sfp_lock_acquire
 .text.__sfp_lock_release
                0x0800b1f4        0xc /Applications/STM32CubeIDE.app/Contents/Eclipse/plugins/com.st.stm32cube.ide.mcu.externaltools.gnu-tools-for-stm32.12.3.rel1.macos64_1.1.0.202410301201/tools/bin/../lib/gcc/arm-none-eabi/12.3.1/../../../../arm-none-eabi/lib/thumb/v7e-m+fp/hard/libc_nano.a(libc_a-findfp.o)
                0x0800b1f4                __sfp_lock_release
 .text.__sinit  0x0800b200       0x30 /Applications/STM32CubeIDE.app/Contents/Eclipse/plugins/com.st.stm32cube.ide.mcu.externaltools.gnu-tools-for-stm32.12.3.rel1.macos64_1.1.0.202410301201/tools/bin/../lib/gcc/arm-none-eabi/12.3.1/../../../../arm-none-eabi/lib/thumb/v7e-m+fp/hard/libc_nano.a(libc_a-findfp.o)
                0x0800b200                __sinit
 .text._fwalk_sglue
                0x0800b230       0x3c /Applications/STM32CubeIDE.app/Contents/Eclipse/plugins/com.st.stm32cube.ide.mcu.externaltools.gnu-tools-for-stm32.12.3.rel1.macos64_1.1.0.202410301201/tools/bin/../lib/gcc/arm-none-eabi/12.3.1/../../../../arm-none-eabi/lib/thumb/v7e-m+fp/hard/libc_nano.a(libc_a-fwalk.o)
                0x0800b230                _fwalk_sglue
 .text.printf   0x0800b26c       0x24 /Applications/STM32CubeIDE.app/Contents/Eclipse/plugins/com.st.stm32cube.ide.mcu.externaltools.gnu-tools-for-stm32.12.3.rel1.macos64_1.1.0.202410301201/tools/bin/../lib/gcc/arm-none-eabi/12.3.1/../../../../arm-none-eabi/lib/thumb/v7e-m+fp/hard/libc_nano.a(libc_a-printf.o)
                0x0800b26c                printf
                0x0800b26c                iprintf
 .text._puts_r  0x0800b290       0xaa /Applications/STM32CubeIDE.app/Contents/Eclipse/plugins/com.st.stm32cube.ide.mcu.externaltools.gnu-tools-for-stm32.12.3.rel1.macos64_1.1.0.202410301201/tools/bin/../lib/gcc/arm-none-eabi/12.3.1/../../../../arm-none-eabi/lib/thumb/v7e-m+fp/hard/libc_nano.a(libc_a-puts.o)
                0x0800b290                _puts_r
 *fill*         0x0800b33a        0x2 
 .text.puts     0x0800b33c       0x10 /Applications/STM32CubeIDE.app/Contents/Eclipse/plugins/com.st.stm32cube.ide.mcu.externaltools.gnu-tools-for-stm32.12.3.rel1.macos64_1.1.0.202410301201/tools/bin/../lib/gcc/arm-none-eabi/12.3.1/../../../../arm-none-eabi/lib/thumb/v7e-m+fp/hard/libc_nano.a(libc_a-puts.o)
                0x0800b33c                puts
 .text.strstr   0x0800b34c       0x2c /Applications/STM32CubeIDE.app/Contents/Eclipse/plugins/com.st.stm32cube.ide.mcu.externaltools.gnu-tools-for-stm32.12.3.rel1.macos64_1.1.0.202410301201/tools/bin/../lib/gcc/arm-none-eabi/12.3.1/../../../../arm-none-eabi/lib/thumb/v7e-m+fp/hard/libc_nano.a(libc_a-strstr.o)
                0x0800b34c                strstr
 .text.memset   0x0800b378       0x10 /Applications/STM32CubeIDE.app/Contents/Eclipse/plugins/com.st.stm32cube.ide.mcu.externaltools.gnu-tools-for-stm32.12.3.rel1.macos64_1.1.0.202410301201/tools/bin/../lib/gcc/arm-none-eabi/12.3.1/../../../../arm-none-eabi/lib/thumb/v7e-m+fp/hard/libc_nano.a(libc_a-memset.o)
                0x0800b378                memset
 .text.__errno  0x0800b388        0xc /Applications/STM32CubeIDE.app/Contents/Eclipse/plugins/com.st.stm32cube.ide.mcu.externaltools.gnu-tools-for-stm32.12.3.rel1.macos64_1.1.0.202410301201/tools/bin/../lib/gcc/arm-none-eabi/12.3.1/../../../../arm-none-eabi/lib/thumb/v7e-m+fp/hard/libc_nano.a(libc_a-errno.o)
                0x0800b388                __errno
 .text.__libc_init_array
                0x0800b394       0x48 /Applications/STM32CubeIDE.app/Contents/Eclipse/plugins/com.st.stm32cube.ide.mcu.externaltools.gnu-tools-for-stm32.12.3.rel1.macos64_1.1.0.202410301201/tools/bin/../lib/gcc/arm-none-eabi/12.3.1/../../../../arm-none-eabi/lib/thumb/v7e-m+fp/hard/libc_nano.a(libc_a-init.o)
                0x0800b394                __libc_init_array
 .text.__retarget_lock_init_recursive
                0x0800b3dc        0x2 /Applications/STM32CubeIDE.app/Contents/Eclipse/plugins/com.st.stm32cube.ide.mcu.externaltools.gnu-tools-for-stm32.12.3.rel1.macos64_1.1.0.202410301201/tools/bin/../lib/gcc/arm-none-eabi/12.3.1/../../../../arm-none-eabi/lib/thumb/v7e-m+fp/hard/libc_nano.a(libc_a-lock.o)
                0x0800b3dc                __retarget_lock_init_recursive
 .text.__retarget_lock_acquire_recursive
                0x0800b3de        0x2 /Applications/STM32CubeIDE.app/Contents/Eclipse/plugins/com.st.stm32cube.ide.mcu.externaltools.gnu-tools-for-stm32.12.3.rel1.macos64_1.1.0.202410301201/tools/bin/../lib/gcc/arm-none-eabi/12.3.1/../../../../arm-none-eabi/lib/thumb/v7e-m+fp/hard/libc_nano.a(libc_a-lock.o)
                0x0800b3de                __retarget_lock_acquire_recursive
 .text.__retarget_lock_release_recursive
                0x0800b3e0        0x2 /Applications/STM32CubeIDE.app/Contents/Eclipse/plugins/com.st.stm32cube.ide.mcu.externaltools.gnu-tools-for-stm32.12.3.rel1.macos64_1.1.0.202410301201/tools/bin/../lib/gcc/arm-none-eabi/12.3.1/../../../../arm-none-eabi/lib/thumb/v7e-m+fp/hard/libc_nano.a(libc_a-lock.o)
                0x0800b3e0                __retarget_lock_release_recursive
 .text.memcpy   0x0800b3e2       0x1c /Applications/STM32CubeIDE.app/Contents/Eclipse/plugins/com.st.stm32cube.ide.mcu.externaltools.gnu-tools-for-stm32.12.3.rel1.macos64_1.1.0.202410301201/tools/bin/../lib/gcc/arm-none-eabi/12.3.1/../../../../arm-none-eabi/lib/thumb/v7e-m+fp/hard/libc_nano.a(libc_a-memcpy-stub.o)
                0x0800b3e2                memcpy
 .text.__ssputs_r
                0x0800b3fe       0xb6 /Applications/STM32CubeIDE.app/Contents/Eclipse/plugins/com.st.stm32cube.ide.mcu.externaltools.gnu-tools-for-stm32.12.3.rel1.macos64_1.1.0.202410301201/tools/bin/../lib/gcc/arm-none-eabi/12.3.1/../../../../arm-none-eabi/lib/thumb/v7e-m+fp/hard/libc_nano.a(libc_a-nano-svfprintf.o)
                0x0800b3fe                __ssputs_r
 .text._svfprintf_r
                0x0800b4b4      0x1f8 /Applications/STM32CubeIDE.app/Contents/Eclipse/plugins/com.st.stm32cube.ide.mcu.externaltools.gnu-tools-for-stm32.12.3.rel1.macos64_1.1.0.202410301201/tools/bin/../lib/gcc/arm-none-eabi/12.3.1/../../../../arm-none-eabi/lib/thumb/v7e-m+fp/hard/libc_nano.a(libc_a-nano-svfprintf.o)
                0x0800b4b4                _svfprintf_r
                0x0800b4b4                _svfiprintf_r
 .text.__sfputc_r
                0x0800b6ac       0x2e /Applications/STM32CubeIDE.app/Contents/Eclipse/plugins/com.st.stm32cube.ide.mcu.externaltools.gnu-tools-for-stm32.12.3.rel1.macos64_1.1.0.202410301201/tools/bin/../lib/gcc/arm-none-eabi/12.3.1/../../../../arm-none-eabi/lib/thumb/v7e-m+fp/hard/libc_nano.a(libc_a-nano-vfprintf.o)
 .text.__sfputs_r
                0x0800b6da       0x24 /Applications/STM32CubeIDE.app/Contents/Eclipse/plugins/com.st.stm32cube.ide.mcu.externaltools.gnu-tools-for-stm32.12.3.rel1.macos64_1.1.0.202410301201/tools/bin/../lib/gcc/arm-none-eabi/12.3.1/../../../../arm-none-eabi/lib/thumb/v7e-m+fp/hard/libc_nano.a(libc_a-nano-vfprintf.o)
                0x0800b6da                __sfputs_r
 *fill*         0x0800b6fe        0x2 
 .text._vfprintf_r
                0x0800b700      0x230 /Applications/STM32CubeIDE.app/Contents/Eclipse/plugins/com.st.stm32cube.ide.mcu.externaltools.gnu-tools-for-stm32.12.3.rel1.macos64_1.1.0.202410301201/tools/bin/../lib/gcc/arm-none-eabi/12.3.1/../../../../arm-none-eabi/lib/thumb/v7e-m+fp/hard/libc_nano.a(libc_a-nano-vfprintf.o)
                0x0800b700                _vfiprintf_r
                0x0800b700                _vfprintf_r
 .text.sbrk_aligned
                0x0800b930       0x44 /Applications/STM32CubeIDE.app/Contents/Eclipse/plugins/com.st.stm32cube.ide.mcu.externaltools.gnu-tools-for-stm32.12.3.rel1.macos64_1.1.0.202410301201/tools/bin/../lib/gcc/arm-none-eabi/12.3.1/../../../../arm-none-eabi/lib/thumb/v7e-m+fp/hard/libc_nano.a(libc_a-mallocr.o)
 .text._malloc_r
                0x0800b974      0x100 /Applications/STM32CubeIDE.app/Contents/Eclipse/plugins/com.st.stm32cube.ide.mcu.externaltools.gnu-tools-for-stm32.12.3.rel1.macos64_1.1.0.202410301201/tools/bin/../lib/gcc/arm-none-eabi/12.3.1/../../../../arm-none-eabi/lib/thumb/v7e-m+fp/hard/libc_nano.a(libc_a-mallocr.o)
                0x0800b974                _malloc_r
 .text._printf_common
                0x0800ba74       0xda /Applications/STM32CubeIDE.app/Contents/Eclipse/plugins/com.st.stm32cube.ide.mcu.externaltools.gnu-tools-for-stm32.12.3.rel1.macos64_1.1.0.202410301201/tools/bin/../lib/gcc/arm-none-eabi/12.3.1/../../../../arm-none-eabi/lib/thumb/v7e-m+fp/hard/libc_nano.a(libc_a-nano-vfprintf_i.o)
                0x0800ba74                _printf_common
 *fill*         0x0800bb4e        0x2 
 .text._printf_i
                0x0800bb50      0x240 /Applications/STM32CubeIDE.app/Contents/Eclipse/plugins/com.st.stm32cube.ide.mcu.externaltools.gnu-tools-for-stm32.12.3.rel1.macos64_1.1.0.202410301201/tools/bin/../lib/gcc/arm-none-eabi/12.3.1/../../../../arm-none-eabi/lib/thumb/v7e-m+fp/hard/libc_nano.a(libc_a-nano-vfprintf_i.o)
                0x0800bb50                _printf_i
 .text.__sflush_r
                0x0800bd90      0x108 /Applications/STM32CubeIDE.app/Contents/Eclipse/plugins/com.st.stm32cube.ide.mcu.externaltools.gnu-tools-for-stm32.12.3.rel1.macos64_1.1.0.202410301201/tools/bin/../lib/gcc/arm-none-eabi/12.3.1/../../../../arm-none-eabi/lib/thumb/v7e-m+fp/hard/libc_nano.a(libc_a-fflush.o)
                0x0800bd90                __sflush_r
 .text._fflush_r
                0x0800be98       0x50 /Applications/STM32CubeIDE.app/Contents/Eclipse/plugins/com.st.stm32cube.ide.mcu.externaltools.gnu-tools-for-stm32.12.3.rel1.macos64_1.1.0.202410301201/tools/bin/../lib/gcc/arm-none-eabi/12.3.1/../../../../arm-none-eabi/lib/thumb/v7e-m+fp/hard/libc_nano.a(libc_a-fflush.o)
                0x0800be98                _fflush_r
 .text.__malloc_lock
                0x0800bee8        0xc /Applications/STM32CubeIDE.app/Contents/Eclipse/plugins/com.st.stm32cube.ide.mcu.externaltools.gnu-tools-for-stm32.12.3.rel1.macos64_1.1.0.202410301201/tools/bin/../lib/gcc/arm-none-eabi/12.3.1/../../../../arm-none-eabi/lib/thumb/v7e-m+fp/hard/libc_nano.a(libc_a-mlock.o)
                0x0800bee8                __malloc_lock
 .text.__malloc_unlock
                0x0800bef4        0xc /Applications/STM32CubeIDE.app/Contents/Eclipse/plugins/com.st.stm32cube.ide.mcu.externaltools.gnu-tools-for-stm32.12.3.rel1.macos64_1.1.0.202410301201/tools/bin/../lib/gcc/arm-none-eabi/12.3.1/../../../../arm-none-eabi/lib/thumb/v7e-m+fp/hard/libc_nano.a(libc_a-mlock.o)
                0x0800bef4                __malloc_unlock
 .text.__sread  0x0800bf00       0x22 /Applications/STM32CubeIDE.app/Contents/Eclipse/plugins/com.st.stm32cube.ide.mcu.externaltools.gnu-tools-for-stm32.12.3.rel1.macos64_1.1.0.202410301201/tools/bin/../lib/gcc/arm-none-eabi/12.3.1/../../../../arm-none-eabi/lib/thumb/v7e-m+fp/hard/libc_nano.a(libc_a-stdio.o)
                0x0800bf00                __sread
 .text.__swrite
                0x0800bf22       0x38 /Applications/STM32CubeIDE.app/Contents/Eclipse/plugins/com.st.stm32cube.ide.mcu.externaltools.gnu-tools-for-stm32.12.3.rel1.macos64_1.1.0.202410301201/tools/bin/../lib/gcc/arm-none-eabi/12.3.1/../../../../arm-none-eabi/lib/thumb/v7e-m+fp/hard/libc_nano.a(libc_a-stdio.o)
                0x0800bf22                __swrite
 .text.__sseek  0x0800bf5a       0x24 /Applications/STM32CubeIDE.app/Contents/Eclipse/plugins/com.st.stm32cube.ide.mcu.externaltools.gnu-tools-for-stm32.12.3.rel1.macos64_1.1.0.202410301201/tools/bin/../lib/gcc/arm-none-eabi/12.3.1/../../../../arm-none-eabi/lib/thumb/v7e-m+fp/hard/libc_nano.a(libc_a-stdio.o)
                0x0800bf5a                __sseek
 .text.__sclose
                0x0800bf7e        0x8 /Applications/STM32CubeIDE.app/Contents/Eclipse/plugins/com.st.stm32cube.ide.mcu.externaltools.gnu-tools-for-stm32.12.3.rel1.macos64_1.1.0.202410301201/tools/bin/../lib/gcc/arm-none-eabi/12.3.1/../../../../arm-none-eabi/lib/thumb/v7e-m+fp/hard/libc_nano.a(libc_a-stdio.o)
                0x0800bf7e                __sclose
 .text._realloc_r
                0x0800bf86       0x5c /Applications/STM32CubeIDE.app/Contents/Eclipse/plugins/com.st.stm32cube.ide.mcu.externaltools.gnu-tools-for-stm32.12.3.rel1.macos64_1.1.0.202410301201/tools/bin/../lib/gcc/arm-none-eabi/12.3.1/../../../../arm-none-eabi/lib/thumb/v7e-m+fp/hard/libc_nano.a(libc_a-reallocr.o)
                0x0800bf86                _realloc_r
 .text.__swbuf_r
                0x0800bfe2       0x7c /Applications/STM32CubeIDE.app/Contents/Eclipse/plugins/com.st.stm32cube.ide.mcu.externaltools.gnu-tools-for-stm32.12.3.rel1.macos64_1.1.0.202410301201/tools/bin/../lib/gcc/arm-none-eabi/12.3.1/../../../../arm-none-eabi/lib/thumb/v7e-m+fp/hard/libc_nano.a(libc_a-wbuf.o)
                0x0800bfe2                __swbuf_r
 *fill*         0x0800c05e        0x2 
 .text.__swsetup_r
                0x0800c060       0xac /Applications/STM32CubeIDE.app/Contents/Eclipse/plugins/com.st.stm32cube.ide.mcu.externaltools.gnu-tools-for-stm32.12.3.rel1.macos64_1.1.0.202410301201/tools/bin/../lib/gcc/arm-none-eabi/12.3.1/../../../../arm-none-eabi/lib/thumb/v7e-m+fp/hard/libc_nano.a(libc_a-wsetup.o)
                0x0800c060                __swsetup_r
 .text.__swhatbuf_r
                0x0800c10c       0x4c /Applications/STM32CubeIDE.app/Contents/Eclipse/plugins/com.st.stm32cube.ide.mcu.externaltools.gnu-tools-for-stm32.12.3.rel1.macos64_1.1.0.202410301201/tools/bin/../lib/gcc/arm-none-eabi/12.3.1/../../../../arm-none-eabi/lib/thumb/v7e-m+fp/hard/libc_nano.a(libc_a-makebuf.o)
                0x0800c10c                __swhatbuf_r
 .text.__smakebuf_r
                0x0800c158       0x78 /Applications/STM32CubeIDE.app/Contents/Eclipse/plugins/com.st.stm32cube.ide.mcu.externaltools.gnu-tools-for-stm32.12.3.rel1.macos64_1.1.0.202410301201/tools/bin/../lib/gcc/arm-none-eabi/12.3.1/../../../../arm-none-eabi/lib/thumb/v7e-m+fp/hard/libc_nano.a(libc_a-makebuf.o)
                0x0800c158                __smakebuf_r
 .text.memmove  0x0800c1d0       0x34 /Applications/STM32CubeIDE.app/Contents/Eclipse/plugins/com.st.stm32cube.ide.mcu.externaltools.gnu-tools-for-stm32.12.3.rel1.macos64_1.1.0.202410301201/tools/bin/../lib/gcc/arm-none-eabi/12.3.1/../../../../arm-none-eabi/lib/thumb/v7e-m+fp/hard/libc_nano.a(libc_a-memmove.o)
                0x0800c1d0                memmove
 .text._close_r
                0x0800c204       0x20 /Applications/STM32CubeIDE.app/Contents/Eclipse/plugins/com.st.stm32cube.ide.mcu.externaltools.gnu-tools-for-stm32.12.3.rel1.macos64_1.1.0.202410301201/tools/bin/../lib/gcc/arm-none-eabi/12.3.1/../../../../arm-none-eabi/lib/thumb/v7e-m+fp/hard/libc_nano.a(libc_a-closer.o)
                0x0800c204                _close_r
 .text._fstat_r
                0x0800c224       0x24 /Applications/STM32CubeIDE.app/Contents/Eclipse/plugins/com.st.stm32cube.ide.mcu.externaltools.gnu-tools-for-stm32.12.3.rel1.macos64_1.1.0.202410301201/tools/bin/../lib/gcc/arm-none-eabi/12.3.1/../../../../arm-none-eabi/lib/thumb/v7e-m+fp/hard/libc_nano.a(libc_a-fstatr.o)
                0x0800c224                _fstat_r
 .text._isatty_r
                0x0800c248       0x20 /Applications/STM32CubeIDE.app/Contents/Eclipse/plugins/com.st.stm32cube.ide.mcu.externaltools.gnu-tools-for-stm32.12.3.rel1.macos64_1.1.0.202410301201/tools/bin/../lib/gcc/arm-none-eabi/12.3.1/../../../../arm-none-eabi/lib/thumb/v7e-m+fp/hard/libc_nano.a(libc_a-isattyr.o)
                0x0800c248                _isatty_r
 .text._lseek_r
                0x0800c268       0x24 /Applications/STM32CubeIDE.app/Contents/Eclipse/plugins/com.st.stm32cube.ide.mcu.externaltools.gnu-tools-for-stm32.12.3.rel1.macos64_1.1.0.202410301201/tools/bin/../lib/gcc/arm-none-eabi/12.3.1/../../../../arm-none-eabi/lib/thumb/v7e-m+fp/hard/libc_nano.a(libc_a-lseekr.o)
                0x0800c268                _lseek_r
 .text._read_r  0x0800c28c       0x24 /Applications/STM32CubeIDE.app/Contents/Eclipse/plugins/com.st.stm32cube.ide.mcu.externaltools.gnu-tools-for-stm32.12.3.rel1.macos64_1.1.0.202410301201/tools/bin/../lib/gcc/arm-none-eabi/12.3.1/../../../../arm-none-eabi/lib/thumb/v7e-m+fp/hard/libc_nano.a(libc_a-readr.o)
                0x0800c28c                _read_r
 .text._sbrk_r  0x0800c2b0       0x20 /Applications/STM32CubeIDE.app/Contents/Eclipse/plugins/com.st.stm32cube.ide.mcu.externaltools.gnu-tools-for-stm32.12.3.rel1.macos64_1.1.0.202410301201/tools/bin/../lib/gcc/arm-none-eabi/12.3.1/../../../../arm-none-eabi/lib/thumb/v7e-m+fp/hard/libc_nano.a(libc_a-sbrkr.o)
                0x0800c2b0                _sbrk_r
 .text._write_r
                0x0800c2d0       0x24 /Applications/STM32CubeIDE.app/Contents/Eclipse/plugins/com.st.stm32cube.ide.mcu.externaltools.gnu-tools-for-stm32.12.3.rel1.macos64_1.1.0.202410301201/tools/bin/../lib/gcc/arm-none-eabi/12.3.1/../../../../arm-none-eabi/lib/thumb/v7e-m+fp/hard/libc_nano.a(libc_a-writer.o)
                0x0800c2d0                _write_r
 .text._free_r  0x0800c2f4       0x94 /Applications/STM32CubeIDE.app/Contents/Eclipse/plugins/com.st.stm32cube.ide.mcu.externaltools.gnu-tools-for-stm32.12.3.rel1.macos64_1.1.0.202410301201/tools/bin/../lib/gcc/arm-none-eabi/12.3.1/../../../../arm-none-eabi/lib/thumb/v7e-m+fp/hard/libc_nano.a(libc_a-freer.o)
                0x0800c2f4                _free_r
 .text._malloc_usable_size_r
                0x0800c388       0x10 /Applications/STM32CubeIDE.app/Contents/Eclipse/plugins/com.st.stm32cube.ide.mcu.externaltools.gnu-tools-for-stm32.12.3.rel1.macos64_1.1.0.202410301201/tools/bin/../lib/gcc/arm-none-eabi/12.3.1/../../../../arm-none-eabi/lib/thumb/v7e-m+fp/hard/libc_nano.a(libc_a-msizer.o)
                0x0800c388                _malloc_usable_size_r
 *(.glue_7)
 .glue_7        0x0800c398        0x0 linker stubs
 *(.glue_7t)
 .glue_7t       0x0800c398        0x0 linker stubs
 *(.eh_frame)
 .eh_frame      0x0800c398        0x0 /Applications/STM32CubeIDE.app/Contents/Eclipse/plugins/com.st.stm32cube.ide.mcu.externaltools.gnu-tools-for-stm32.12.3.rel1.macos64_1.1.0.202410301201/tools/bin/../lib/gcc/arm-none-eabi/12.3.1/thumb/v7e-m+fp/hard/crtbegin.o
 *(.init)
 .init          0x0800c398        0x4 /Applications/STM32CubeIDE.app/Contents/Eclipse/plugins/com.st.stm32cube.ide.mcu.externaltools.gnu-tools-for-stm32.12.3.rel1.macos64_1.1.0.202410301201/tools/bin/../lib/gcc/arm-none-eabi/12.3.1/thumb/v7e-m+fp/hard/crti.o
                0x0800c398                _init
 .init          0x0800c39c        0x8 /Applications/STM32CubeIDE.app/Contents/Eclipse/plugins/com.st.stm32cube.ide.mcu.externaltools.gnu-tools-for-stm32.12.3.rel1.macos64_1.1.0.202410301201/tools/bin/../lib/gcc/arm-none-eabi/12.3.1/thumb/v7e-m+fp/hard/crtn.o
 *(.fini)
 .fini          0x0800c3a4        0x4 /Applications/STM32CubeIDE.app/Contents/Eclipse/plugins/com.st.stm32cube.ide.mcu.externaltools.gnu-tools-for-stm32.12.3.rel1.macos64_1.1.0.202410301201/tools/bin/../lib/gcc/arm-none-eabi/12.3.1/thumb/v7e-m+fp/hard/crti.o
                0x0800c3a4                _fini
 .fini          0x0800c3a8        0x8 /Applications/STM32CubeIDE.app/Contents/Eclipse/plugins/com.st.stm32cube.ide.mcu.externaltools.gnu-tools-for-stm32.12.3.rel1.macos64_1.1.0.202410301201/tools/bin/../lib/gcc/arm-none-eabi/12.3.1/thumb/v7e-m+fp/hard/crtn.o
                0x0800c3b0                        . = ALIGN (0x4)
                0x0800c3b0                        _etext = .

.vfp11_veneer   0x0800c3b0        0x0
 .vfp11_veneer  0x0800c3b0        0x0 linker stubs

.v4_bx          0x0800c3b0        0x0
 .v4_bx         0x0800c3b0        0x0 linker stubs

.iplt           0x0800c3b0        0x0
 .iplt          0x0800c3b0        0x0 /Applications/STM32CubeIDE.app/Contents/Eclipse/plugins/com.st.stm32cube.ide.mcu.externaltools.gnu-tools-for-stm32.12.3.rel1.macos64_1.1.0.202410301201/tools/bin/../lib/gcc/arm-none-eabi/12.3.1/thumb/v7e-m+fp/hard/crtbegin.o

.rodata         0x0800c3b0     0x1348
                0x0800c3b0                        . = ALIGN (0x4)
 *(.rodata)
 .rodata        0x0800c3b0      0x213 ./Core/Src/esp8266.o
 *fill*         0x0800c5c3        0x1 
 .rodata        0x0800c5c4        0xc ./Core/Src/freertos.o
 .rodata        0x0800c5d0      0x1cc ./Core/Src/main.o
 .rodata        0x0800c79c        0x5 ./Middlewares/Third_Party/FreeRTOS/Source/tasks.o
 *fill*         0x0800c7a1        0x3 
 .rodata        0x0800c7a4        0xd ./Middlewares/Third_Party/FreeRTOS/Source/timers.o
 *(.rodata*)
 *fill*         0x0800c7b1        0x3 
 .rodata.Font11x18
                0x0800c7b4      0xd5c ./Core/Src/fonts.o
                0x0800c7b4                Font11x18
 .rodata.defaultTask_attributes
                0x0800d510       0x24 ./Core/Src/freertos.o
                0x0800d510                defaultTask_attributes
 .rodata.TaskButton_attributes
                0x0800d534       0x24 ./Core/Src/main.o
                0x0800d534                TaskButton_attributes
 .rodata.TaskSystemButton_attributes
                0x0800d558       0x24 ./Core/Src/main.o
                0x0800d558                TaskSystemButton_attributes
 .rodata.TaskLDR_attributes
                0x0800d57c       0x24 ./Core/Src/main.o
                0x0800d57c                TaskLDR_attributes
 .rodata.TaskBuzzer_attributes
                0x0800d5a0       0x24 ./Core/Src/main.o
                0x0800d5a0                TaskBuzzer_attributes
 .rodata.TaskLed_attributes
                0x0800d5c4       0x24 ./Core/Src/main.o
                0x0800d5c4                TaskLed_attributes
 .rodata.TaskServo_attributes
                0x0800d5e8       0x24 ./Core/Src/main.o
                0x0800d5e8                TaskServo_attributes
 .rodata.StartTaskSystemLed_attributes
                0x0800d60c       0x24 ./Core/Src/main.o
                0x0800d60c                StartTaskSystemLed_attributes
 .rodata.StartTaskLaser_attributes
                0x0800d630       0x24 ./Core/Src/main.o
                0x0800d630                StartTaskLaser_attributes
 .rodata.StartTaskUpdateWeb_attributes
                0x0800d654       0x24 ./Core/Src/main.o
                0x0800d654                StartTaskUpdateWeb_attributes
 .rodata.StartTaskDistance_attributes
                0x0800d678       0x24 ./Core/Src/main.o
                0x0800d678                StartTaskDistance_attributes
 .rodata.systemStateMutex_attributes
                0x0800d69c       0x10 ./Core/Src/main.o
                0x0800d69c                systemStateMutex_attributes
 .rodata.AHBPrescTable
                0x0800d6ac       0x10 ./Core/Src/system_stm32f4xx.o
                0x0800d6ac                AHBPrescTable
 .rodata.APBPrescTable
                0x0800d6bc        0x8 ./Core/Src/system_stm32f4xx.o
                0x0800d6bc                APBPrescTable
 .rodata._svfprintf_r.str1.1
                0x0800d6c4       0x11 /Applications/STM32CubeIDE.app/Contents/Eclipse/plugins/com.st.stm32cube.ide.mcu.externaltools.gnu-tools-for-stm32.12.3.rel1.macos64_1.1.0.202410301201/tools/bin/../lib/gcc/arm-none-eabi/12.3.1/../../../../arm-none-eabi/lib/thumb/v7e-m+fp/hard/libc_nano.a(libc_a-nano-svfprintf.o)
 .rodata._vfprintf_r.str1.1
                0x0800d6d5       0x11 /Applications/STM32CubeIDE.app/Contents/Eclipse/plugins/com.st.stm32cube.ide.mcu.externaltools.gnu-tools-for-stm32.12.3.rel1.macos64_1.1.0.202410301201/tools/bin/../lib/gcc/arm-none-eabi/12.3.1/../../../../arm-none-eabi/lib/thumb/v7e-m+fp/hard/libc_nano.a(libc_a-nano-vfprintf.o)
 .rodata._printf_i.str1.1
                0x0800d6d5       0x22 /Applications/STM32CubeIDE.app/Contents/Eclipse/plugins/com.st.stm32cube.ide.mcu.externaltools.gnu-tools-for-stm32.12.3.rel1.macos64_1.1.0.202410301201/tools/bin/../lib/gcc/arm-none-eabi/12.3.1/../../../../arm-none-eabi/lib/thumb/v7e-m+fp/hard/libc_nano.a(libc_a-nano-vfprintf_i.o)
                0x0800d6f8                        . = ALIGN (0x4)
 *fill*         0x0800d6f7        0x1 

.ARM.extab      0x0800d6f8        0x0
                0x0800d6f8                        . = ALIGN (0x4)
 *(.ARM.extab* .gnu.linkonce.armextab.*)
                0x0800d6f8                        . = ALIGN (0x4)

.ARM            0x0800d6f8        0x8
                0x0800d6f8                        . = ALIGN (0x4)
                0x0800d6f8                        __exidx_start = .
 *(.ARM.exidx*)
 .ARM.exidx     0x0800d6f8        0x8 /Applications/STM32CubeIDE.app/Contents/Eclipse/plugins/com.st.stm32cube.ide.mcu.externaltools.gnu-tools-for-stm32.12.3.rel1.macos64_1.1.0.202410301201/tools/bin/../lib/gcc/arm-none-eabi/12.3.1/../../../../arm-none-eabi/lib/thumb/v7e-m+fp/hard/libc_nano.a(libc_a-strlen.o)
 .ARM.exidx     0x0800d700        0x0 /Applications/STM32CubeIDE.app/Contents/Eclipse/plugins/com.st.stm32cube.ide.mcu.externaltools.gnu-tools-for-stm32.12.3.rel1.macos64_1.1.0.202410301201/tools/bin/../lib/gcc/arm-none-eabi/12.3.1/../../../../arm-none-eabi/lib/thumb/v7e-m+fp/hard/libc_nano.a(libc_a-memchr.o)
                                  0x8 (size before relaxing)
 .ARM.exidx     0x0800d700        0x0 /Applications/STM32CubeIDE.app/Contents/Eclipse/plugins/com.st.stm32cube.ide.mcu.externaltools.gnu-tools-for-stm32.12.3.rel1.macos64_1.1.0.202410301201/tools/bin/../lib/gcc/arm-none-eabi/12.3.1/thumb/v7e-m+fp/hard/libgcc.a(_udivmoddi4.o)
                                  0x8 (size before relaxing)
                0x0800d700                        __exidx_end = .
                0x0800d700                        . = ALIGN (0x4)

.preinit_array  0x0800d700        0x0
                0x0800d700                        . = ALIGN (0x4)
                0x0800d700                        PROVIDE (__preinit_array_start = .)
 *(.preinit_array*)
                0x0800d700                        PROVIDE (__preinit_array_end = .)
                0x0800d700                        . = ALIGN (0x4)

.init_array     0x0800d700        0x4
                0x0800d700                        . = ALIGN (0x4)
                0x0800d700                        PROVIDE (__init_array_start = .)
 *(SORT_BY_NAME(.init_array.*))
 *(.init_array*)
 .init_array    0x0800d700        0x4 /Applications/STM32CubeIDE.app/Contents/Eclipse/plugins/com.st.stm32cube.ide.mcu.externaltools.gnu-tools-for-stm32.12.3.rel1.macos64_1.1.0.202410301201/tools/bin/../lib/gcc/arm-none-eabi/12.3.1/thumb/v7e-m+fp/hard/crtbegin.o
                0x0800d704                        PROVIDE (__init_array_end = .)
                0x0800d704                        . = ALIGN (0x4)

.fini_array     0x0800d704        0x4
                0x0800d704                        . = ALIGN (0x4)
                [!provide]                        PROVIDE (__fini_array_start = .)
 *(SORT_BY_NAME(.fini_array.*))
 *(.fini_array*)
 .fini_array    0x0800d704        0x4 /Applications/STM32CubeIDE.app/Contents/Eclipse/plugins/com.st.stm32cube.ide.mcu.externaltools.gnu-tools-for-stm32.12.3.rel1.macos64_1.1.0.202410301201/tools/bin/../lib/gcc/arm-none-eabi/12.3.1/thumb/v7e-m+fp/hard/crtbegin.o
                [!provide]                        PROVIDE (__fini_array_end = .)
                0x0800d708                        . = ALIGN (0x4)
                0x0800d708                        _sidata = LOADADDR (.data)

.rel.dyn        0x0800d708        0x0
 .rel.iplt      0x0800d708        0x0 /Applications/STM32CubeIDE.app/Contents/Eclipse/plugins/com.st.stm32cube.ide.mcu.externaltools.gnu-tools-for-stm32.12.3.rel1.macos64_1.1.0.202410301201/tools/bin/../lib/gcc/arm-none-eabi/12.3.1/thumb/v7e-m+fp/hard/crtbegin.o

.data           0x20000000       0x90 load address 0x0800d708
                0x20000000                        . = ALIGN (0x4)
                0x20000000                        _sdata = .
 *(.data)
 *(.data*)
 .data.Font_11x18
                0x20000000        0x8 ./Core/Src/fonts.o
                0x20000000                Font_11x18
 .data.light_value
                0x20000008        0x4 ./Core/Src/main.o
                0x20000008                light_value
 .data.intrusionHTML
                0x2000000c        0x4 ./Core/Src/main.o
                0x2000000c                intrusionHTML
 .data.regularHTML
                0x20000010        0x4 ./Core/Src/main.o
                0x20000010                regularHTML
 .data.systemoffHTML
                0x20000014        0x4 ./Core/Src/main.o
                0x20000014                systemoffHTML
 .data.localIP  0x20000018        0x4 ./Core/Src/main.o
                0x20000018                localIP
 .data.pwd      0x2000001c        0x4 ./Core/Src/main.o
                0x2000001c                pwd
 .data.username
                0x20000020        0x4 ./Core/Src/main.o
                0x20000020                username
 .data.SystemCoreClock
                0x20000024        0x4 ./Core/Src/system_stm32f4xx.o
                0x20000024                SystemCoreClock
 .data.uwTickPrio
                0x20000028        0x4 ./Drivers/STM32F4xx_HAL_Driver/Src/stm32f4xx_hal.o
                0x20000028                uwTickPrio
 .data.uwTickFreq
                0x2000002c        0x1 ./Drivers/STM32F4xx_HAL_Driver/Src/stm32f4xx_hal.o
                0x2000002c                uwTickFreq
 *fill*         0x2000002d        0x3 
 .data.uxCriticalNesting
                0x20000030        0x4 ./Middlewares/Third_Party/FreeRTOS/Source/portable/GCC/ARM_CM4F/port.o
 .data.__sglue  0x20000034        0xc /Applications/STM32CubeIDE.app/Contents/Eclipse/plugins/com.st.stm32cube.ide.mcu.externaltools.gnu-tools-for-stm32.12.3.rel1.macos64_1.1.0.202410301201/tools/bin/../lib/gcc/arm-none-eabi/12.3.1/../../../../arm-none-eabi/lib/thumb/v7e-m+fp/hard/libc_nano.a(libc_a-findfp.o)
                0x20000034                __sglue
 .data._impure_ptr
                0x20000040        0x4 /Applications/STM32CubeIDE.app/Contents/Eclipse/plugins/com.st.stm32cube.ide.mcu.externaltools.gnu-tools-for-stm32.12.3.rel1.macos64_1.1.0.202410301201/tools/bin/../lib/gcc/arm-none-eabi/12.3.1/../../../../arm-none-eabi/lib/thumb/v7e-m+fp/hard/libc_nano.a(libc_a-impure.o)
                0x20000040                _impure_ptr
 .data._impure_data
                0x20000044       0x4c /Applications/STM32CubeIDE.app/Contents/Eclipse/plugins/com.st.stm32cube.ide.mcu.externaltools.gnu-tools-for-stm32.12.3.rel1.macos64_1.1.0.202410301201/tools/bin/../lib/gcc/arm-none-eabi/12.3.1/../../../../arm-none-eabi/lib/thumb/v7e-m+fp/hard/libc_nano.a(libc_a-impure.o)
                0x20000044                _impure_data
 *(.RamFunc)
 *(.RamFunc*)
                0x20000090                        . = ALIGN (0x4)
                0x20000090                        _edata = .

.igot.plt       0x20000090        0x0 load address 0x0800d798
 .igot.plt      0x20000090        0x0 /Applications/STM32CubeIDE.app/Contents/Eclipse/plugins/com.st.stm32cube.ide.mcu.externaltools.gnu-tools-for-stm32.12.3.rel1.macos64_1.1.0.202410301201/tools/bin/../lib/gcc/arm-none-eabi/12.3.1/thumb/v7e-m+fp/hard/crtbegin.o
                0x20000090                        . = ALIGN (0x4)

.bss            0x20000090     0x5160 load address 0x0800d798
                0x20000090                        _sbss = .
                0x20000090                        __bss_start__ = _sbss
 *(.bss)
 .bss           0x20000090       0x1c /Applications/STM32CubeIDE.app/Contents/Eclipse/plugins/com.st.stm32cube.ide.mcu.externaltools.gnu-tools-for-stm32.12.3.rel1.macos64_1.1.0.202410301201/tools/bin/../lib/gcc/arm-none-eabi/12.3.1/thumb/v7e-m+fp/hard/crtbegin.o
 *(.bss*)
 .bss.hadc1     0x200000ac       0x48 ./Core/Src/adc.o
                0x200000ac                hadc1
 .bss.defaultTaskHandle
                0x200000f4        0x4 ./Core/Src/freertos.o
                0x200000f4                defaultTaskHandle
 .bss.hi2c1     0x200000f8       0x54 ./Core/Src/i2c.o
                0x200000f8                hi2c1
 .bss.alarm_state
                0x2000014c        0x4 ./Core/Src/main.o
                0x2000014c                alarm_state
 .bss.system_state
                0x20000150        0x4 ./Core/Src/main.o
                0x20000150                system_state
 .bss.door_state
                0x20000154        0x4 ./Core/Src/main.o
                0x20000154                door_state
 .bss.IC_Val1   0x20000158        0x4 ./Core/Src/main.o
                0x20000158                IC_Val1
 .bss.IC_Val2   0x2000015c        0x4 ./Core/Src/main.o
                0x2000015c                IC_Val2
 .bss.Difference
                0x20000160        0x4 ./Core/Src/main.o
                0x20000160                Difference
 .bss.Is_First_Captured
                0x20000164        0x1 ./Core/Src/main.o
                0x20000164                Is_First_Captured
 .bss.Distance  0x20000165        0x1 ./Core/Src/main.o
                0x20000165                Distance
 *fill*         0x20000166        0x2 
 .bss.TaskButtonHandle
                0x20000168        0x4 ./Core/Src/main.o
                0x20000168                TaskButtonHandle
 .bss.TaskSystemButtonHandle
                0x2000016c        0x4 ./Core/Src/main.o
                0x2000016c                TaskSystemButtonHandle
 .bss.TaskLDRHandle
                0x20000170        0x4 ./Core/Src/main.o
                0x20000170                TaskLDRHandle
 .bss.TaskBuzzerHandle
                0x20000174        0x4 ./Core/Src/main.o
                0x20000174                TaskBuzzerHandle
 .bss.TaskLedHandle
                0x20000178        0x4 ./Core/Src/main.o
                0x20000178                TaskLedHandle
 .bss.TaskServoHandle
                0x2000017c        0x4 ./Core/Src/main.o
                0x2000017c                TaskServoHandle
 .bss.TaskLedSystemHandle
                0x20000180        0x4 ./Core/Src/main.o
                0x20000180                TaskLedSystemHandle
 .bss.TaskLaserHandle
                0x20000184        0x4 ./Core/Src/main.o
                0x20000184                TaskLaserHandle
 .bss.TaskUpdateWebHandle
                0x20000188        0x4 ./Core/Src/main.o
                0x20000188                TaskUpdateWebHandle
 .bss.TaskDistanceHandle
                0x2000018c        0x4 ./Core/Src/main.o
                0x2000018c                TaskDistanceHandle
 .bss.systemStateMutex
                0x20000190        0x4 ./Core/Src/main.o
                0x20000190                systemStateMutex
 .bss.SSD1306_Buffer
                0x20000194      0x400 ./Core/Src/ssd1306.o
 .bss.SSD1306   0x20000594        0x6 ./Core/Src/ssd1306.o
 *fill*         0x2000059a        0x2 
 .bss.htim6     0x2000059c       0x48 ./Core/Src/stm32f4xx_hal_timebase_tim.o
                0x2000059c                htim6
 .bss.__sbrk_heap_end
                0x200005e4        0x4 ./Core/Src/sysmem.o
 .bss.htim1     0x200005e8       0x48 ./Core/Src/tim.o
                0x200005e8                htim1
 .bss.htim2     0x20000630       0x48 ./Core/Src/tim.o
                0x20000630                htim2
 .bss.htim3     0x20000678       0x48 ./Core/Src/tim.o
                0x20000678                htim3
 .bss.huart1    0x200006c0       0x48 ./Core/Src/usart.o
                0x200006c0                huart1
 .bss.huart2    0x20000708       0x48 ./Core/Src/usart.o
                0x20000708                huart2
 .bss.uwTick    0x20000750        0x4 ./Drivers/STM32F4xx_HAL_Driver/Src/stm32f4xx_hal.o
                0x20000750                uwTick
 .bss.KernelState
                0x20000754        0x4 ./Middlewares/Third_Party/FreeRTOS/Source/CMSIS_RTOS_V2/cmsis_os2.o
 .bss.Idle_TCB.3
                0x20000758       0x5c ./Middlewares/Third_Party/FreeRTOS/Source/CMSIS_RTOS_V2/cmsis_os2.o
 .bss.Idle_Stack.2
                0x200007b4      0x200 ./Middlewares/Third_Party/FreeRTOS/Source/CMSIS_RTOS_V2/cmsis_os2.o
 .bss.Timer_TCB.1
                0x200009b4       0x5c ./Middlewares/Third_Party/FreeRTOS/Source/CMSIS_RTOS_V2/cmsis_os2.o
 .bss.Timer_Stack.0
                0x20000a10      0x400 ./Middlewares/Third_Party/FreeRTOS/Source/CMSIS_RTOS_V2/cmsis_os2.o
 .bss.xQueueRegistry
                0x20000e10       0x40 ./Middlewares/Third_Party/FreeRTOS/Source/queue.o
                0x20000e10                xQueueRegistry
 .bss.pxCurrentTCB
                0x20000e50        0x4 ./Middlewares/Third_Party/FreeRTOS/Source/tasks.o
                0x20000e50                pxCurrentTCB
 .bss.pxReadyTasksLists
                0x20000e54      0x460 ./Middlewares/Third_Party/FreeRTOS/Source/tasks.o
 .bss.xDelayedTaskList1
                0x200012b4       0x14 ./Middlewares/Third_Party/FreeRTOS/Source/tasks.o
 .bss.xDelayedTaskList2
                0x200012c8       0x14 ./Middlewares/Third_Party/FreeRTOS/Source/tasks.o
 .bss.pxDelayedTaskList
                0x200012dc        0x4 ./Middlewares/Third_Party/FreeRTOS/Source/tasks.o