../Core/Src/main.c:170:6:delay	16	static
../Core/Src/main.c:175:5:main	8	static
../Core/Src/main.c:251:6:SystemClock_Config	88	static
../Core/Src/main.c:299:6:HAL_TIM_PeriodElapsedCallback	16	static
../Core/Src/main.c:309:6:StartTaskButton	16	static
../Core/Src/main.c:324:6:StartTaskDistance	32	static
../Core/Src/main.c:344:6:StartTaskUpdateWeb	24	static
../Core/Src/main.c:375:6:StartTaskSystemButton	16	static
../Core/Src/main.c:391:6:StartTaskLDR	32	static
../Core/Src/main.c:421:6:StartTaskLaser	16	static
../Core/Src/main.c:432:6:StartTaskBuzzer	16	static
../Core/Src/main.c:444:6:StartTaskLed	16	static
../Core/Src/main.c:454:6:StartTaskSystemLed	16	static
../Core/Src/main.c:464:6:StartTaskServo	16	static
../Core/Src/main.c:491:6:HAL_TIM_IC_CaptureCallback	16	static
../Core/Src/main.c:528:6:HCSR04_Read	8	static
../Core/Src/main.c:540:6:Error_Handler	4	static,ignoring_inline_asm
../Core/Src/main.c:550:5:_write	24	static
