../Core/Src/main.c:170:6:delay	16	static
../Core/Src/main.c:175:5:main	8	static
../Core/Src/main.c:251:6:SystemClock_Config	88	static
../Core/Src/main.c:299:6:HAL_TIM_PeriodElapsedCallback	16	static
../Core/Src/main.c:309:6:StartTaskButton	16	static
../Core/Src/main.c:324:6:StartTaskDistance	32	static
../Core/Src/main.c:348:6:StartTaskUpdateWeb	24	static
../Core/Src/main.c:379:6:StartTaskSystemButton	16	static
../Core/Src/main.c:395:6:StartTaskLDR	32	static
../Core/Src/main.c:425:6:StartTaskLaser	16	static
../Core/Src/main.c:436:6:StartTaskBuzzer	16	static
../Core/Src/main.c:448:6:StartTaskLed	16	static
../Core/Src/main.c:458:6:StartTaskSystemLed	16	static
../Core/Src/main.c:468:6:StartTaskServo	16	static
../Core/Src/main.c:495:6:HAL_TIM_IC_CaptureCallback	16	static
../Core/Src/main.c:520:6:HCSR04_Read	8	static
../Core/Src/main.c:536:6:Error_Handler	4	static,ignoring_inline_asm
../Core/Src/main.c:546:5:_write	24	static
